Archive member included to satisfy reference by file (symbol)

c:/program files/microchip/xc32/v4.30/bin/bin/../../lib/gcc/pic32c/8.3.1/../../../../pic32c/lib/thumb/v7e-m+fp/hard\libpic32c.a(data_init.o)
                              build/sam_e51_cnano/debug/_ext/570918426/startup_xc32.o (__pic32c_data_initialization)
c:/program files/microchip/xc32/v4.30/bin/bin/../../lib/gcc/pic32c/8.3.1/../../../../pic32c/lib/thumb/v7e-m+fp/hard\libm-fast-emfloat.a(__aeabi_f2d.o)
                              build/sam_e51_cnano/debug/_ext/1360937237/testFuncs.o (__aeabi_f2d)
c:/program files/microchip/xc32/v4.30/bin/bin/../../lib/gcc/pic32c/8.3.1/../../../../pic32c/lib/thumb/v7e-m+fp/hard\libg-musl.a(__libc_start_main.o)
                              build/sam_e51_cnano/debug/_ext/570918426/startup_xc32.o (__libc_init_array)
c:/program files/microchip/xc32/v4.30/bin/bin/../../lib/gcc/pic32c/8.3.1/../../../../pic32c/lib/thumb/v7e-m+fp/hard\libg-musl.a(libc.o)
                              c:/program files/microchip/xc32/v4.30/bin/bin/../../lib/gcc/pic32c/8.3.1/../../../../pic32c/lib/thumb/v7e-m+fp/hard\libg-musl.a(__libc_start_main.o) (__progname_full)
c:/program files/microchip/xc32/v4.30/bin/bin/../../lib/gcc/pic32c/8.3.1/../../../../pic32c/lib/thumb/v7e-m+fp/hard\libg-musl.a(__sio_snprintf_cdeEfFgGnpsxX.o)
                              (_snprintf_cdeEfFgGnpsxX)
c:/program files/microchip/xc32/v4.30/bin/bin/../../lib/gcc/pic32c/8.3.1/../../../../pic32c/lib/thumb/v7e-m+fp/hard\libg-musl.a(__fmt_d.o)
                              c:/program files/microchip/xc32/v4.30/bin/bin/../../lib/gcc/pic32c/8.3.1/../../../../pic32c/lib/thumb/v7e-m+fp/hard\libg-musl.a(__sio_snprintf_cdeEfFgGnpsxX.o) (__fmt_d_needed)
c:/program files/microchip/xc32/v4.30/bin/bin/../../lib/gcc/pic32c/8.3.1/../../../../pic32c/lib/thumb/v7e-m+fp/hard\libg-musl.a(__fmt_fp.o)
                              c:/program files/microchip/xc32/v4.30/bin/bin/../../lib/gcc/pic32c/8.3.1/../../../../pic32c/lib/thumb/v7e-m+fp/hard\libg-musl.a(__sio_snprintf_cdeEfFgGnpsxX.o) (__fmt_f_needed)
c:/program files/microchip/xc32/v4.30/bin/bin/../../lib/gcc/pic32c/8.3.1/../../../../pic32c/lib/thumb/v7e-m+fp/hard\libg-musl.a(__fmt_s.o)
                              c:/program files/microchip/xc32/v4.30/bin/bin/../../lib/gcc/pic32c/8.3.1/../../../../pic32c/lib/thumb/v7e-m+fp/hard\libg-musl.a(__sio_snprintf_cdeEfFgGnpsxX.o) (__fmt_s_needed)
c:/program files/microchip/xc32/v4.30/bin/bin/../../lib/gcc/pic32c/8.3.1/../../../../pic32c/lib/thumb/v7e-m+fp/hard\libg-musl.a(__fmt_x.o)
                              c:/program files/microchip/xc32/v4.30/bin/bin/../../lib/gcc/pic32c/8.3.1/../../../../pic32c/lib/thumb/v7e-m+fp/hard\libg-musl.a(__sio_snprintf_cdeEfFgGnpsxX.o) (__fmt_x_needed)
c:/program files/microchip/xc32/v4.30/bin/bin/../../lib/gcc/pic32c/8.3.1/../../../../pic32c/lib/thumb/v7e-m+fp/hard\libg-musl.a(__pop_float.o)
                              c:/program files/microchip/xc32/v4.30/bin/bin/../../lib/gcc/pic32c/8.3.1/../../../../pic32c/lib/thumb/v7e-m+fp/hard\libg-musl.a(__sio_snprintf_cdeEfFgGnpsxX.o) (__pop_float_needed)
c:/program files/microchip/xc32/v4.30/bin/bin/../../lib/gcc/pic32c/8.3.1/../../../../pic32c/lib/thumb/v7e-m+fp/hard\libg-musl.a(__pop_int.o)
                              c:/program files/microchip/xc32/v4.30/bin/bin/../../lib/gcc/pic32c/8.3.1/../../../../pic32c/lib/thumb/v7e-m+fp/hard\libg-musl.a(__sio_snprintf_cdeEfFgGnpsxX.o) (__pop_int_needed)
c:/program files/microchip/xc32/v4.30/bin/bin/../../lib/gcc/pic32c/8.3.1/../../../../pic32c/lib/thumb/v7e-m+fp/hard\libg-musl.a(__pop_ptr.o)
                              c:/program files/microchip/xc32/v4.30/bin/bin/../../lib/gcc/pic32c/8.3.1/../../../../pic32c/lib/thumb/v7e-m+fp/hard\libg-musl.a(__sio_snprintf_cdeEfFgGnpsxX.o) (__pop_ptr_needed)
c:/program files/microchip/xc32/v4.30/bin/bin/../../lib/gcc/pic32c/8.3.1/../../../../pic32c/lib/thumb/v7e-m+fp/hard\libg-musl.a(__printf_core.o)
                              c:/program files/microchip/xc32/v4.30/bin/bin/../../lib/gcc/pic32c/8.3.1/../../../../pic32c/lib/thumb/v7e-m+fp/hard\libg-musl.a(__fmt_d.o) (__pad)
c:/program files/microchip/xc32/v4.30/bin/bin/../../lib/gcc/pic32c/8.3.1/../../../../pic32c/lib/thumb/v7e-m+fp/hard\libg-musl.a(atoi.o)
                              c:/program files/microchip/xc32/v4.30/bin/bin/../../lib/gcc/pic32c/8.3.1/../../../../pic32c/lib/thumb/v7e-m+fp/hard\libg-musl.a(__printf_core.o) (atoi)
c:/program files/microchip/xc32/v4.30/bin/bin/../../lib/gcc/pic32c/8.3.1/../../../../pic32c/lib/thumb/v7e-m+fp/hard\libg-musl.a(memcpy.o)
                              build/sam_e51_cnano/debug/_ext/226030394/plib_nvmctrl.o (memcpy)
c:/program files/microchip/xc32/v4.30/bin/bin/../../lib/gcc/pic32c/8.3.1/../../../../pic32c/lib/thumb/v7e-m+fp/hard\libg-musl.a(memset.o)
[...]
Memory Configuration

Name             Origin             Length             Attributes
rom              0x00000000         0x00100000         xrl
ram              0x20000000         0x00040000         xw !r
tcm              0x03000000         0x00000000         xw
config_00804000  0x00804000         0x00000004
config_00804008  0x00804008         0x00000004
config_00804004  0x00804004         0x00000004
*default*        0x00000000         0xffffffff

Linker script and memory map

LOAD c:/program files/microchip/xc32/v4.30/bin/bin/../../lib/gcc/pic32c/8.3.1/thumb/v7e-m+fp/hard/crti.o
LOAD c:/program files/microchip/xc32/v4.30/bin/bin/../../lib/gcc/pic32c/8.3.1/thumb/v7e-m+fp/hard/crtbegin.o
LOAD build/sam_e51_cnano/debug/_ext/7187140/plib_clock.o
LOAD build/sam_e51_cnano/debug/_ext/831051564/plib_cmcc.o
LOAD build/sam_e51_cnano/debug/_ext/831021835/plib_dmac.o
LOAD build/sam_e51_cnano/debug/_ext/1220119669/plib_eic.o
LOAD build/sam_e51_cnano/debug/_ext/9336626/plib_evsys.o
LOAD build/sam_e51_cnano/debug/_ext/830715028/plib_nvic.o
LOAD build/sam_e51_cnano/debug/_ext/226030394/plib_nvmctrl.o
LOAD build/sam_e51_cnano/debug/_ext/830661877/plib_port.o
LOAD build/sam_e51_cnano/debug/_ext/1220132503/plib_rtc_timer.o
LOAD build/sam_e51_cnano/debug/_ext/314480351/plib_sercom5_usart.o
LOAD build/sam_e51_cnano/debug/_ext/865175840/xc32_monitor.o
LOAD build/sam_e51_cnano/debug/_ext/570918426/initialization.o
LOAD build/sam_e51_cnano/debug/_ext/570918426/interrupts.o
LOAD build/sam_e51_cnano/debug/_ext/570918426/exceptions.o
LOAD build/sam_e51_cnano/debug/_ext/570918426/startup_xc32.o
LOAD build/sam_e51_cnano/debug/_ext/570918426/libc_syscalls.o
LOAD build/sam_e51_cnano/debug/_ext/1360937237/main.o
LOAD build/sam_e51_cnano/debug/_ext/1360937237/asmFmax.o
LOAD build/sam_e51_cnano/debug/_ext/1360937237/printFuncs.o
LOAD build/sam_e51_cnano/debug/_ext/1360937237/testFuncs.o
                0x00000001                __MPLAB_BUILD = 0x1
                0x00100000                __rom_end = (ORIGIN (rom) + LENGTH (rom))
                0x20040000                __ram_end = (ORIGIN (ram) + LENGTH (ram))

.config_00804000
 *(.config_00804000)

.config_00804008
 *(.config_00804008)

.config_00804004
 *(.config_00804004)

.vectors        0x00000000      0x260
                0x00000000                . = ALIGN (0x4)
                0x00000000                _sfixed = .
 *(.vectors .vectors.* .vectors_default .vectors_default.*)
 .vectors.exception_table
                0x00000000      0x260 build/sam_e51_cnano/debug/_ext/570918426/interrupts.o
                0x00000000                exception_table
 *(.isr_vector)
 *(.reset*)
 *(.after_vectors)

.text           0x00000260       0x20
                0x00000260                . = ALIGN (0x4)
 *(.glue_7t)
 .glue_7t       0x00000260        0x0 linker stubs
 *(.glue_7)
 .glue_7        0x00000260        0x0 linker stubs
 *(.gnu.linkonce.r.*)
 *(.ARM.extab* .gnu.linkonce.armextab.*)
                0x00000260                . = ALIGN (0x4)
 *(.init)
 .init          0x00000260        0x4 c:/program files/microchip/xc32/v4.30/bin/bin/../../lib/gcc/pic32c/8.3.1/thumb/v7e-m+fp/hard/crti.o
                0x00000260                _init
 .init          0x00000264        0x8 c:/program files/microchip/xc32/v4.30/bin/bin/../../lib/gcc/pic32c/8.3.1/thumb/v7e-m+fp/hard/crtn.o
                0x0000026c                . = ALIGN (0x4)
                0x0000026c                __preinit_array_start = .
 *(.preinit_array)
                0x0000026c                __preinit_array_end = .
                0x0000026c                . = ALIGN (0x4)
                0x0000026c                __init_array_start = .
 *(SORT_BY_NAME(.init_array.*))
 *(.init_array)
 .init_array    0x0000026c        0x4 c:/program files/microchip/xc32/v4.30/bin/bin/../../lib/gcc/pic32c/8.3.1/thumb/v7e-m+fp/hard/crtbegin.o
                0x00000270                __init_array_end = .
                0x00000270                . = ALIGN (0x4)
 *crtbegin.o(.ctors)
 *(EXCLUDE_FILE(*crtend.o) .ctors)
 *(SORT_BY_NAME(.ctors.*))
 *crtend.o(.ctors)
                0x00000270                . = ALIGN (0x4)
 *(.fini)
 .fini          0x00000270        0x4 c:/program files/microchip/xc32/v4.30/bin/bin/../../lib/gcc/pic32c/8.3.1/thumb/v7e-m+fp/hard/crti.o
                0x00000270                _fini
 .fini          0x00000274        0x8 c:/program files/microchip/xc32/v4.30/bin/bin/../../lib/gcc/pic32c/8.3.1/thumb/v7e-m+fp/hard/crtn.o
                0x0000027c                . = ALIGN (0x4)
                0x0000027c                __fini_array_start = .
 *(.fini_array)
 .fini_array    0x0000027c        0x4 c:/program files/microchip/xc32/v4.30/bin/bin/../../lib/gcc/pic32c/8.3.1/thumb/v7e-m+fp/hard/crtbegin.o
 *(SORT_BY_NAME(.fini_array.*))
                0x00000280                __fini_array_end = .
 *crtbegin.o(.dtors)
 *(EXCLUDE_FILE(*crtend.o) .dtors)
 *(SORT_BY_NAME(.dtors.*))
 *crtend.o(.dtors)
                0x00000280                . = ALIGN (0x4)
                0x00000280                _efixed = .
                [!provide]                PROVIDE (__exidx_start = .)

.ARM.exidx      0x00000280        0x8
 *(.ARM.exidx* .gnu.linkonce.armexidx.*)
 .ARM.exidx     0x00000280        0x8 c:/program files/microchip/xc32/v4.30/bin/bin/../../lib/gcc/pic32c/8.3.1/thumb/v7e-m+fp/hard\libgcc.a(_udivmoddi4.o)
                [!provide]                PROVIDE (__exidx_end = .)
                0x00000288                . = ALIGN (0x4)
                0x00000288                _etext = .

.bss            0x20000000        0x0
                0x20000000                . = ALIGN (0x4)
                0x20000000                __bss_start__ = .
                0x20000000                _sbss = .
                0x20000000                _szero = .
 *(COMMON)
                0x20000000                . = ALIGN (0x4)
                0x20000000                __bss_end__ = .
                0x20000000                _ebss = .
                0x20000000                _ezero = .
                0x20000000                . = ALIGN (0x4)
                0x20000000                _end = .
                0x2003ffff                _ram_end_ = ((ORIGIN (ram) + LENGTH (ram)) - 0x1)
                0x00000001                __ICD2RAM = 0x1
                0x00000001                __MPLAB_DEBUG = 0x1
                0x00000001                __DEBUG = 0x1
                0x00000200                _min_heap_size = 0x200
START GROUP
LOAD c:/program files/microchip/xc32/v4.30/bin/bin/../../lib/gcc/pic32c/8.3.1/../../../../pic32c/lib/thumb/v7e-m+fp/hard\libpic32c.a
LOAD c:/program files/microchip/xc32/v4.30/bin/bin/../../lib/gcc/pic32c/8.3.1/../../../../pic32c/lib/thumb/v7e-m+fp/hard\libm-fast-emfloat.a
LOAD c:/program files/microchip/xc32/v4.30/bin/bin/../../lib/gcc/pic32c/8.3.1/../../../../pic32c/lib/thumb/v7e-m+fp/hard\libg-musl.a
LOAD c:/program files/microchip/xc32/v4.30/bin/bin/../../lib/gcc/pic32c/8.3.1/../../../../pic32c/lib/thumb/v7e-m+fp/hard\libc-musl.a
LOAD c:/program files/microchip/xc32/v4.30/bin/bin/../../lib/gcc/pic32c/8.3.1/../../../../pic32c/lib/thumb/v7e-m+fp/hard\libm-fast-emfloat.a
LOAD c:/program files/microchip/xc32/v4.30/bin/bin/../../lib/gcc/pic32c/8.3.1/thumb/v7e-m+fp/hard\libgcc.a
END GROUP
LOAD c:/program files/microchip/xc32/v4.30/bin/bin/../../lib/gcc/pic32c/8.3.1/thumb/v7e-m+fp/hard/crtend.o
LOAD c:/program files/microchip/xc32/v4.30/bin/bin/../../lib/gcc/pic32c/8.3.1/thumb/v7e-m+fp/hard/crtn.o
OUTPUT(dist/sam_e51_cnano/debug/fp_starter_project.X.debug.elf elf32-littlearm)
LOAD data_init
LOAD stack

.ARM.attributes
                0x00000000       0x32
 .ARM.attributes
                0x00000000       0x1e c:/program files/microchip/xc32/v4.30/bin/bin/../../lib/gcc/pic32c/8.3.1/thumb/v7e-m+fp/hard/crti.o
 .ARM.attributes
                0x0000001e       0x34 c:/program files/microchip/xc32/v4.30/bin/bin/../../lib/gcc/pic32c/8.3.1/thumb/v7e-m+fp/hard/crtbegin.o
 .ARM.attributes
                0x00000052       0x34 build/sam_e51_cnano/debug/_ext/7187140/plib_clock.o
 .ARM.attributes
                0x00000086       0x34 build/sam_e51_cnano/debug/_ext/831021835/plib_dmac.o
 .ARM.attributes
                0x000000ba       0x34 build/sam_e51_cnano/debug/_ext/1220119669/plib_eic.o
 .ARM.attributes
                0x000000ee       0x34 build/sam_e51_cnano/debug/_ext/9336626/plib_evsys.o
 .ARM.attributes
                0x00000122       0x34 build/sam_e51_cnano/debug/_ext/830715028/plib_nvic.o
 .ARM.attributes
                0x00000156       0x34 build/sam_e51_cnano/debug/_ext/226030394/plib_nvmctrl.o
 .ARM.attributes
                0x0000018a       0x34 build/sam_e51_cnano/debug/_ext/830661877/plib_port.o
 .ARM.attributes
                0x000001be       0x34 build/sam_e51_cnano/debug/_ext/1220132503/plib_rtc_timer.o
 .ARM.attributes
                0x000001f2       0x34 build/sam_e51_cnano/debug/_ext/314480351/plib_sercom5_usart.o
 .ARM.attributes
                0x00000226       0x34 build/sam_e51_cnano/debug/_ext/570918426/initialization.o
 .ARM.attributes
                0x0000025a       0x34 build/sam_e51_cnano/debug/_ext/570918426/interrupts.o
 .ARM.attributes
                0x0000028e       0x34 build/sam_e51_cnano/debug/_ext/570918426/exceptions.o
 .ARM.attributes
                0x000002c2       0x34 build/sam_e51_cnano/debug/_ext/570918426/startup_xc32.o
 .ARM.attributes
                0x000002f6       0x34 build/sam_e51_cnano/debug/_ext/1360937237/main.o
 .ARM.attributes
                0x0000032a       0x20 build/sam_e51_cnano/debug/_ext/1360937237/asmFmax.o
 .ARM.attributes
                0x0000034a       0x34 build/sam_e51_cnano/debug/_ext/1360937237/printFuncs.o
 .ARM.attributes
                0x0000037e       0x34 build/sam_e51_cnano/debug/_ext/1360937237/testFuncs.o
 .ARM.attributes
                0x000003b2       0x34 c:/program files/microchip/xc32/v4.30/bin/bin/../../lib/gcc/pic32c/8.3.1/../../../../pic32c/lib/thumb/v7e-m+fp/hard\libpic32c.a(data_init.o)
 .ARM.attributes
                0x000003e6       0x20 c:/program files/microchip/xc32/v4.30/bin/bin/../../lib/gcc/pic32c/8.3.1/../../../../pic32c/lib/thumb/v7e-m+fp/hard\libm-fast-emfloat.a(__aeabi_f2d.o)
 .ARM.attributes
                0x00000406       0x36 c:/program files/microchip/xc32/v4.30/bin/bin/../../lib/gcc/pic32c/8.3.1/../../../../pic32c/lib/thumb/v7e-m+fp/hard\libg-musl.a(__libc_start_main.o)
 .ARM.attributes
                0x0000043c       0x34 c:/program files/microchip/xc32/v4.30/bin/bin/../../lib/gcc/pic32c/8.3.1/../../../../pic32c/lib/thumb/v7e-m+fp/hard\libg-musl.a(libc.o)
 .ARM.attributes
                0x00000470       0x36 c:/program files/microchip/xc32/v4.30/bin/bin/../../lib/gcc/pic32c/8.3.1/../../../../pic32c/lib/thumb/v7e-m+fp/hard\libg-musl.a(__sio_snprintf_cdeEfFgGnpsxX.o)
 .ARM.attributes
                0x000004a6       0x36 c:/program files/microchip/xc32/v4.30/bin/bin/../../lib/gcc/pic32c/8.3.1/../../../../pic32c/lib/thumb/v7e-m+fp/hard\libg-musl.a(__fmt_d.o)
 .ARM.attributes
                0x000004dc       0x36 c:/program files/microchip/xc32/v4.30/bin/bin/../../lib/gcc/pic32c/8.3.1/../../../../pic32c/lib/thumb/v7e-m+fp/hard\libg-musl.a(__fmt_fp.o)
 .ARM.attributes
                0x00000512       0x36 c:/program files/microchip/xc32/v4.30/bin/bin/../../lib/gcc/pic32c/8.3.1/../../../../pic32c/lib/thumb/v7e-m+fp/hard\libg-musl.a(__fmt_s.o)
 .ARM.attributes
                0x00000548       0x36 c:/program files/microchip/xc32/v4.30/bin/bin/../../lib/gcc/pic32c/8.3.1/../../../../pic32c/lib/thumb/v7e-m+fp/hard\libg-musl.a(__fmt_x.o)
 .ARM.attributes
                0x0000057e       0x36 c:/program files/microchip/xc32/v4.30/bin/bin/../../lib/gcc/pic32c/8.3.1/../../../../pic32c/lib/thumb/v7e-m+fp/hard\libg-musl.a(__pop_float.o)
 .ARM.attributes
                0x000005b4       0x36 c:/program files/microchip/xc32/v4.30/bin/bin/../../lib/gcc/pic32c/8.3.1/../../../../pic32c/lib/thumb/v7e-m+fp/hard\libg-musl.a(__pop_int.o)
 .ARM.attributes
                0x000005ea       0x36 c:/program files/microchip/xc32/v4.30/bin/bin/../../lib/gcc/pic32c/8.3.1/../../../../pic32c/lib/thumb/v7e-m+fp/hard\libg-musl.a(__pop_ptr.o)
 .ARM.attributes
                0x00000620       0x36 c:/program files/microchip/xc32/v4.30/bin/bin/../../lib/gcc/pic32c/8.3.1/../../../../pic32c/lib/thumb/v7e-m+fp/hard\libg-musl.a(__printf_core.o)
 .ARM.attributes
                0x00000656       0x36 c:/program files/microchip/xc32/v4.30/bin/bin/../../lib/gcc/pic32c/8.3.1/../../../../pic32c/lib/thumb/v7e-m+fp/hard\libg-musl.a(atoi.o)
 .ARM.attributes
                0x0000068c       0x36 c:/program files/microchip/xc32/v4.30/bin/bin/../../lib/gcc/pic32c/8.3.1/../../../../pic32c/lib/thumb/v7e-m+fp/hard\libg-musl.a(memcpy.o)
 .ARM.attributes
                0x000006c2       0x36 c:/program files/microchip/xc32/v4.30/bin/bin/../../lib/gcc/pic32c/8.3.1/../../../../pic32c/lib/thumb/v7e-m+fp/hard\libg-musl.a(memset.o)
 .ARM.attributes
                0x000006f8       0x36 c:/program files/microchip/xc32/v4.30/bin/bin/../../lib/gcc/pic32c/8.3.1/../../../../pic32c/lib/thumb/v7e-m+fp/hard\libg-musl.a(strlen.o)
 .ARM.attributes
                0x0000072e       0x36 c:/program files/microchip/xc32/v4.30/bin/bin/../../lib/gcc/pic32c/8.3.1/../../../../pic32c/lib/thumb/v7e-m+fp/hard\libg-musl.a(strcpy.o)
 .ARM.attributes
                0x00000764       0x36 c:/program files/microchip/xc32/v4.30/bin/bin/../../lib/gcc/pic32c/8.3.1/../../../../pic32c/lib/thumb/v7e-m+fp/hard\libg-musl.a(tolower.o)
 .ARM.attributes
                0x0000079a       0x36 c:/program files/microchip/xc32/v4.30/bin/bin/../../lib/gcc/pic32c/8.3.1/../../../../pic32c/lib/thumb/v7e-m+fp/hard\libg-musl.a(toupper.o)
 .ARM.attributes
                0x000007d0       0x34 c:/program files/microchip/xc32/v4.30/bin/bin/../../lib/gcc/pic32c/8.3.1/../../../../pic32c/lib/thumb/v7e-m+fp/hard\libg-musl.a(__environ.o)
 .ARM.attributes
                0x00000804       0x34 c:/program files/microchip/xc32/v4.30/bin/bin/../../lib/gcc/pic32c/8.3.1/../../../../pic32c/lib/thumb/v7e-m+fp/hard\libg-musl.a(__errno_location.o)
 .ARM.attributes
                0x00000838       0x36 c:/program files/microchip/xc32/v4.30/bin/bin/../../lib/gcc/pic32c/8.3.1/../../../../pic32c/lib/thumb/v7e-m+fp/hard\libg-musl.a(__int_vsnprintf.o)
 .ARM.attributes
                0x0000086e       0x36 c:/program files/microchip/xc32/v4.30/bin/bin/../../lib/gcc/pic32c/8.3.1/../../../../pic32c/lib/thumb/v7e-m+fp/hard\libg-musl.a(__cvt_u.o)
 .ARM.attributes
                0x000008a4       0x36 c:/program files/microchip/xc32/v4.30/bin/bin/../../lib/gcc/pic32c/8.3.1/../../../../pic32c/lib/thumb/v7e-m+fp/hard\libg-musl.a(stpcpy.o)
 .ARM.attributes
                0x000008da       0x36 c:/program files/microchip/xc32/v4.30/bin/bin/../../lib/gcc/pic32c/8.3.1/../../../../pic32c/lib/thumb/v7e-m+fp/hard\libg-musl.a(__int_vfprintf.o)
 .ARM.attributes
                0x00000910       0x34 c:/program files/microchip/xc32/v4.30/bin/bin/../../lib/gcc/pic32c/8.3.1/../../../../pic32c/lib/thumb/v7e-m+fp/hard\libm-fast-emfloat.a(fma.o)
 .ARM.attributes
                0x00000944       0x34 c:/program files/microchip/xc32/v4.30/bin/bin/../../lib/gcc/pic32c/8.3.1/../../../../pic32c/lib/thumb/v7e-m+fp/hard\libm-fast-emfloat.a(floor.o)
 .ARM.attributes
                0x00000978       0x20 c:/program files/microchip/xc32/v4.30/bin/bin/../../lib/gcc/pic32c/8.3.1/../../../../pic32c/lib/thumb/v7e-m+fp/hard\libm-fast-emfloat.a(__aeabi_dadd.o)
 .ARM.attributes
                0x00000998       0x20 c:/program files/microchip/xc32/v4.30/bin/bin/../../lib/gcc/pic32c/8.3.1/../../../../pic32c/lib/thumb/v7e-m+fp/hard\libm-fast-emfloat.a(__aeabi_dmul.o)
 .ARM.attributes
                0x000009b8       0x20 c:/program files/microchip/xc32/v4.30/bin/bin/../../lib/gcc/pic32c/8.3.1/../../../../pic32c/lib/thumb/v7e-m+fp/hard\libm-fast-emfloat.a(__aeabi_ddiv.o)
 .ARM.attributes
                0x000009d8       0x20 c:/program files/microchip/xc32/v4.30/bin/bin/../../lib/gcc/pic32c/8.3.1/../../../../pic32c/lib/thumb/v7e-m+fp/hard\libm-fast-emfloat.a(__aeabi_dcmple.o)
 .ARM.attributes
                0x000009f8       0x20 c:/program files/microchip/xc32/v4.30/bin/bin/../../lib/gcc/pic32c/8.3.1/../../../../pic32c/lib/thumb/v7e-m+fp/hard\libm-fast-emfloat.a(__aeabi_dcmpeq.o)
 .ARM.attributes
                0x00000a18       0x20 c:/program files/microchip/xc32/v4.30/bin/bin/../../lib/gcc/pic32c/8.3.1/../../../../pic32c/lib/thumb/v7e-m+fp/hard\libm-fast-emfloat.a(__aeabi_dcmpgt.o)
 .ARM.attributes
                0x00000a38       0x20 c:/program files/microchip/xc32/v4.30/bin/bin/../../lib/gcc/pic32c/8.3.1/../../../../pic32c/lib/thumb/v7e-m+fp/hard\libm-fast-emfloat.a(__aeabi_dcmplt.o)
 .ARM.attributes
                0x00000a58       0x20 c:/program files/microchip/xc32/v4.30/bin/bin/../../lib/gcc/pic32c/8.3.1/../../../../pic32c/lib/thumb/v7e-m+fp/hard\libm-fast-emfloat.a(__aeabi_d2iz.o)
 .ARM.attributes
                0x00000a78       0x1e c:/program files/microchip/xc32/v4.30/bin/bin/../../lib/gcc/pic32c/8.3.1/thumb/v7e-m+fp/hard\libgcc.a(_aeabi_uldivmod.o)
 .ARM.attributes
                0x00000a96       0x34 c:/program files/microchip/xc32/v4.30/bin/bin/../../lib/gcc/pic32c/8.3.1/thumb/v7e-m+fp/hard\libgcc.a(_udivmoddi4.o)
 .ARM.attributes
                0x00000aca       0x1e c:/program files/microchip/xc32/v4.30/bin/bin/../../lib/gcc/pic32c/8.3.1/thumb/v7e-m+fp/hard\libgcc.a(_dvmd_tls.o)
 .ARM.attributes
                0x00000ae8       0x1e c:/program files/microchip/xc32/v4.30/bin/bin/../../lib/gcc/pic32c/8.3.1/thumb/v7e-m+fp/hard/crtn.o
 .ARM.attributes
                0x00000b06       0x34 c:/program files/microchip/xc32/v4.30/bin/bin/../../lib/gcc/pic32c/8.3.1/../../../../pic32c/lib/thumb/v7e-m+fp/hard\libpic32c.a(pic32_data_init_clear.o)
 .ARM.attributes
                0x00000b3a       0x34 c:/program files/microchip/xc32/v4.30/bin/bin/../../lib/gcc/pic32c/8.3.1/../../../../pic32c/lib/thumb/v7e-m+fp/hard\libpic32c.a(pic32_data_init_copy.o)

.comment        0x00000000       0x2b
 .comment       0x00000000       0x2b c:/program files/microchip/xc32/v4.30/bin/bin/../../lib/gcc/pic32c/8.3.1/thumb/v7e-m+fp/hard/crtbegin.o
                                 0x2c (size before relaxing)
 .comment       0x0000002b       0x2c build/sam_e51_cnano/debug/_ext/7187140/plib_clock.o
 .comment       0x0000002b       0x2c build/sam_e51_cnano/debug/_ext/831021835/plib_dmac.o
 .comment       0x0000002b       0x2c build/sam_e51_cnano/debug/_ext/1220119669/plib_eic.o
 .comment       0x0000002b       0x2c build/sam_e51_cnano/debug/_ext/9336626/plib_evsys.o
 .comment       0x0000002b       0x2c build/sam_e51_cnano/debug/_ext/830715028/plib_nvic.o
 .comment       0x0000002b       0x2c build/sam_e51_cnano/debug/_ext/226030394/plib_nvmctrl.o
 .comment       0x0000002b       0x2c build/sam_e51_cnano/debug/_ext/830661877/plib_port.o
 .comment       0x0000002b       0x2c build/sam_e51_cnano/debug/_ext/1220132503/plib_rtc_timer.o
 .comment       0x0000002b       0x2c build/sam_e51_cnano/debug/_ext/314480351/plib_sercom5_usart.o
 .comment       0x0000002b       0x2c build/sam_e51_cnano/debug/_ext/570918426/initialization.o
 .comment       0x0000002b       0x2c build/sam_e51_cnano/debug/_ext/570918426/interrupts.o
 .comment       0x0000002b       0x2c build/sam_e51_cnano/debug/_ext/570918426/exceptions.o
 .comment       0x0000002b       0x2c build/sam_e51_cnano/debug/_ext/570918426/startup_xc32.o
 .comment       0x0000002b       0x2c build/sam_e51_cnano/debug/_ext/1360937237/main.o
 .comment       0x0000002b       0x2c build/sam_e51_cnano/debug/_ext/1360937237/printFuncs.o
 .comment       0x0000002b       0x2c build/sam_e51_cnano/debug/_ext/1360937237/testFuncs.o
 .comment       0x0000002b       0x2c c:/program files/microchip/xc32/v4.30/bin/bin/../../lib/gcc/pic32c/8.3.1/../../../../pic32c/lib/thumb/v7e-m+fp/hard\libpic32c.a(data_init.o)
 .comment       0x0000002b       0x2c c:/program files/microchip/xc32/v4.30/bin/bin/../../lib/gcc/pic32c/8.3.1/../../../../pic32c/lib/thumb/v7e-m+fp/hard\libg-musl.a(__libc_start_main.o)
 .comment       0x0000002b       0x2c c:/program files/microchip/xc32/v4.30/bin/bin/../../lib/gcc/pic32c/8.3.1/../../../../pic32c/lib/thumb/v7e-m+fp/hard\libg-musl.a(libc.o)
 .comment       0x0000002b       0x2c c:/program files/microchip/xc32/v4.30/bin/bin/../../lib/gcc/pic32c/8.3.1/../../../../pic32c/lib/thumb/v7e-m+fp/hard\libg-musl.a(__sio_snprintf_cdeEfFgGnpsxX.o)
 .comment       0x0000002b       0x2c c:/program files/microchip/xc32/v4.30/bin/bin/../../lib/gcc/pic32c/8.3.1/../../../../pic32c/lib/thumb/v7e-m+fp/hard\libg-musl.a(__fmt_d.o)
 .comment       0x0000002b       0x2c c:/program files/microchip/xc32/v4.30/bin/bin/../../lib/gcc/pic32c/8.3.1/../../../../pic32c/lib/thumb/v7e-m+fp/hard\libg-musl.a(__fmt_fp.o)
 .comment       0x0000002b       0x2c c:/program files/microchip/xc32/v4.30/bin/bin/../../lib/gcc/pic32c/8.3.1/../../../../pic32c/lib/thumb/v7e-m+fp/hard\libg-musl.a(__fmt_s.o)
 .comment       0x0000002b       0x2c c:/program files/microchip/xc32/v4.30/bin/bin/../../lib/gcc/pic32c/8.3.1/../../../../pic32c/lib/thumb/v7e-m+fp/hard\libg-musl.a(__fmt_x.o)
 .comment       0x0000002b       0x2c c:/program files/microchip/xc32/v4.30/bin/bin/../../lib/gcc/pic32c/8.3.1/../../../../pic32c/lib/thumb/v7e-m+fp/hard\libg-musl.a(__pop_float.o)
 .comment       0x0000002b       0x2c c:/program files/microchip/xc32/v4.30/bin/bin/../../lib/gcc/pic32c/8.3.1/../../../../pic32c/lib/thumb/v7e-m+fp/hard\libg-musl.a(__pop_int.o)
 .comment       0x0000002b       0x2c c:/program files/microchip/xc32/v4.30/bin/bin/../../lib/gcc/pic32c/8.3.1/../../../../pic32c/lib/thumb/v7e-m+fp/hard\libg-musl.a(__pop_ptr.o)
 .comment       0x0000002b       0x2c c:/program files/microchip/xc32/v4.30/bin/bin/../../lib/gcc/pic32c/8.3.1/../../../../pic32c/lib/thumb/v7e-m+fp/hard\libg-musl.a(__printf_core.o)
 .comment       0x0000002b       0x2c c:/program files/microchip/xc32/v4.30/bin/bin/../../lib/gcc/pic32c/8.3.1/../../../../pic32c/lib/thumb/v7e-m+fp/hard\libg-musl.a(atoi.o)
 .comment       0x0000002b       0x2c c:/program files/microchip/xc32/v4.30/bin/bin/../../lib/gcc/pic32c/8.3.1/../../../../pic32c/lib/thumb/v7e-m+fp/hard\libg-musl.a(memcpy.o)
 .comment       0x0000002b       0x2c c:/program files/microchip/xc32/v4.30/bin/bin/../../lib/gcc/pic32c/8.3.1/../../../../pic32c/lib/thumb/v7e-m+fp/hard\libg-musl.a(memset.o)
 .comment       0x0000002b       0x2c c:/program files/microchip/xc32/v4.30/bin/bin/../../lib/gcc/pic32c/8.3.1/../../../../pic32c/lib/thumb/v7e-m+fp/hard\libg-musl.a(strlen.o)
 .comment       0x0000002b       0x2c c:/program files/microchip/xc32/v4.30/bin/bin/../../lib/gcc/pic32c/8.3.1/../../../../pic32c/lib/thumb/v7e-m+fp/hard\libg-musl.a(strcpy.o)
 .comment       0x0000002b       0x2c c:/program files/microchip/xc32/v4.30/bin/bin/../../lib/gcc/pic32c/8.3.1/../../../../pic32c/lib/thumb/v7e-m+fp/hard\libg-musl.a(tolower.o)
 .comment       0x0000002b       0x2c c:/program files/microchip/xc32/v4.30/bin/bin/../../lib/gcc/pic32c/8.3.1/../../../../pic32c/lib/thumb/v7e-m+fp/hard\libg-musl.a(toupper.o)
 .comment       0x0000002b       0x2c c:/program files/microchip/xc32/v4.30/bin/bin/../../lib/gcc/pic32c/8.3.1/../../../../pic32c/lib/thumb/v7e-m+fp/hard\libg-musl.a(__environ.o)
 .comment       0x0000002b       0x2c c:/program files/microchip/xc32/v4.30/bin/bin/../../lib/gcc/pic32c/8.3.1/../../../../pic32c/lib/thumb/v7e-m+fp/hard\libg-musl.a(__errno_location.o)
 .comment       0x0000002b       0x2c c:/program files/microchip/xc32/v4.30/bin/bin/../../lib/gcc/pic32c/8.3.1/../../../../pic32c/lib/thumb/v7e-m+fp/hard\libg-musl.a(__int_vsnprintf.o)
 .comment       0x0000002b       0x2c c:/program files/microchip/xc32/v4.30/bin/bin/../../lib/gcc/pic32c/8.3.1/../../../../pic32c/lib/thumb/v7e-m+fp/hard\libg-musl.a(__cvt_u.o)
 .comment       0x0000002b       0x2c c:/program files/microchip/xc32/v4.30/bin/bin/../../lib/gcc/pic32c/8.3.1/../../../../pic32c/lib/thumb/v7e-m+fp/hard\libg-musl.a(stpcpy.o)
 .comment       0x0000002b       0x2c c:/program files/microchip/xc32/v4.30/bin/bin/../../lib/gcc/pic32c/8.3.1/../../../../pic32c/lib/thumb/v7e-m+fp/hard\libg-musl.a(__int_vfprintf.o)
 .comment       0x0000002b       0x2c c:/program files/microchip/xc32/v4.30/bin/bin/../../lib/gcc/pic32c/8.3.1/../../../../pic32c/lib/thumb/v7e-m+fp/hard\libm-fast-emfloat.a(fma.o)
 .comment       0x0000002b       0x2c c:/program files/microchip/xc32/v4.30/bin/bin/../../lib/gcc/pic32c/8.3.1/../../../../pic32c/lib/thumb/v7e-m+fp/hard\libm-fast-emfloat.a(floor.o)
 .comment       0x0000002b       0x2c c:/program files/microchip/xc32/v4.30/bin/bin/../../lib/gcc/pic32c/8.3.1/thumb/v7e-m+fp/hard\libgcc.a(_udivmoddi4.o)
 .comment       0x0000002b       0x2c c:/program files/microchip/xc32/v4.30/bin/bin/../../lib/gcc/pic32c/8.3.1/../../../../pic32c/lib/thumb/v7e-m+fp/hard\libpic32c.a(pic32_data_init_clear.o)
 .comment       0x0000002b       0x2c c:/program files/microchip/xc32/v4.30/bin/bin/../../lib/gcc/pic32c/8.3.1/../../../../pic32c/lib/thumb/v7e-m+fp/hard\libpic32c.a(pic32_data_init_copy.o)

.debug_info     0x00000000    0x13e29
 .debug_info    0x00000000      0xb99 build/sam_e51_cnano/debug/_ext/7187140/plib_clock.o
 .debug_info    0x00000b99     0x11c4 build/sam_e51_cnano/debug/_ext/831021835/plib_dmac.o
 .debug_info    0x00001d5d      0x75c build/sam_e51_cnano/debug/_ext/1220119669/plib_eic.o
 .debug_info    0x000024b9      0x36d build/sam_e51_cnano/debug/_ext/9336626/plib_evsys.o
 .debug_info    0x00002826     0x12dc build/sam_e51_cnano/debug/_ext/830715028/plib_nvic.o
 .debug_info    0x00003b02      0xc81 build/sam_e51_cnano/debug/_ext/226030394/plib_nvmctrl.o
 .debug_info    0x00004783      0xdf0 build/sam_e51_cnano/debug/_ext/830661877/plib_port.o
 .debug_info    0x00005573     0x1038 build/sam_e51_cnano/debug/_ext/1220132503/plib_rtc_timer.o
 .debug_info    0x000065ab     0x1359 build/sam_e51_cnano/debug/_ext/314480351/plib_sercom5_usart.o
 .debug_info    0x00007904      0x37a build/sam_e51_cnano/debug/_ext/570918426/initialization.o
 .debug_info    0x00007c7e     0x16cc build/sam_e51_cnano/debug/_ext/570918426/interrupts.o
 .debug_info    0x0000934a      0x434 build/sam_e51_cnano/debug/_ext/570918426/exceptions.o
 .debug_info    0x0000977e      0x896 build/sam_e51_cnano/debug/_ext/570918426/startup_xc32.o
 .debug_info    0x0000a014      0x92f build/sam_e51_cnano/debug/_ext/1360937237/main.o
 .debug_info    0x0000a943       0x26 build/sam_e51_cnano/debug/_ext/1360937237/asmFmax.o
 .debug_info    0x0000a969      0xdf3 build/sam_e51_cnano/debug/_ext/1360937237/printFuncs.o
 .debug_info    0x0000b75c      0x9d3 build/sam_e51_cnano/debug/_ext/1360937237/testFuncs.o
 .debug_info    0x0000c12f      0x2bd c:/program files/microchip/xc32/v4.30/bin/bin/../../lib/gcc/pic32c/8.3.1/../../../../pic32c/lib/thumb/v7e-m+fp/hard\libpic32c.a(data_init.o)
 .debug_info    0x0000c3ec      0x621 c:/program files/microchip/xc32/v4.30/bin/bin/../../lib/gcc/pic32c/8.3.1/../../../../pic32c/lib/thumb/v7e-m+fp/hard\libg-musl.a(__libc_start_main.o)
 .debug_info    0x0000ca0d      0x533 c:/program files/microchip/xc32/v4.30/bin/bin/../../lib/gcc/pic32c/8.3.1/../../../../pic32c/lib/thumb/v7e-m+fp/hard\libg-musl.a(libc.o)
 .debug_info    0x0000cf40      0x4bb c:/program files/microchip/xc32/v4.30/bin/bin/../../lib/gcc/pic32c/8.3.1/../../../../pic32c/lib/thumb/v7e-m+fp/hard\libg-musl.a(__sio_snprintf_cdeEfFgGnpsxX.o)
 .debug_info    0x0000d3fb      0x5c0 c:/program files/microchip/xc32/v4.30/bin/bin/../../lib/gcc/pic32c/8.3.1/../../../../pic32c/lib/thumb/v7e-m+fp/hard\libg-musl.a(__fmt_d.o)
 .debug_info    0x0000d9bb      0x949 c:/program files/microchip/xc32/v4.30/bin/bin/../../lib/gcc/pic32c/8.3.1/../../../../pic32c/lib/thumb/v7e-m+fp/hard\libg-musl.a(__fmt_fp.o)
 .debug_info    0x0000e304      0x535 c:/program files/microchip/xc32/v4.30/bin/bin/../../lib/gcc/pic32c/8.3.1/../../../../pic32c/lib/thumb/v7e-m+fp/hard\libg-musl.a(__fmt_s.o)
 .debug_info    0x0000e839      0x5c1 c:/program files/microchip/xc32/v4.30/bin/bin/../../lib/gcc/pic32c/8.3.1/../../../../pic32c/lib/thumb/v7e-m+fp/hard\libg-musl.a(__fmt_x.o)
 .debug_info    0x0000edfa      0x3db c:/program files/microchip/xc32/v4.30/bin/bin/../../lib/gcc/pic32c/8.3.1/../../../../pic32c/lib/thumb/v7e-m+fp/hard\libg-musl.a(__pop_float.o)
 .debug_info    0x0000f1d5      0x3ff c:/program files/microchip/xc32/v4.30/bin/bin/../../lib/gcc/pic32c/8.3.1/../../../../pic32c/lib/thumb/v7e-m+fp/hard\libg-musl.a(__pop_int.o)
 .debug_info    0x0000f5d4      0x405 c:/program files/microchip/xc32/v4.30/bin/bin/../../lib/gcc/pic32c/8.3.1/../../../../pic32c/lib/thumb/v7e-m+fp/hard\libg-musl.a(__pop_ptr.o)
 .debug_info    0x0000f9d9      0xd6c c:/program files/microchip/xc32/v4.30/bin/bin/../../lib/gcc/pic32c/8.3.1/../../../../pic32c/lib/thumb/v7e-m+fp/hard\libg-musl.a(__printf_core.o)
 .debug_info    0x00010745      0x2f9 c:/program files/microchip/xc32/v4.30/bin/bin/../../lib/gcc/pic32c/8.3.1/../../../../pic32c/lib/thumb/v7e-m+fp/hard\libg-musl.a(atoi.o)
 .debug_info    0x00010a3e      0x2ef c:/program files/microchip/xc32/v4.30/bin/bin/../../lib/gcc/pic32c/8.3.1/../../../../pic32c/lib/thumb/v7e-m+fp/hard\libg-musl.a(memcpy.o)
 .debug_info    0x00010d2d      0x2b3 c:/program files/microchip/xc32/v4.30/bin/bin/../../lib/gcc/pic32c/8.3.1/../../../../pic32c/lib/thumb/v7e-m+fp/hard\libg-musl.a(memset.o)
 .debug_info    0x00010fe0      0x2a4 c:/program files/microchip/xc32/v4.30/bin/bin/../../lib/gcc/pic32c/8.3.1/../../../../pic32c/lib/thumb/v7e-m+fp/hard\libg-musl.a(strlen.o)
 .debug_info    0x00011284      0x2b2 c:/program files/microchip/xc32/v4.30/bin/bin/../../lib/gcc/pic32c/8.3.1/../../../../pic32c/lib/thumb/v7e-m+fp/hard\libg-musl.a(strcpy.o)
 .debug_info    0x00011536      0x351 c:/program files/microchip/xc32/v4.30/bin/bin/../../lib/gcc/pic32c/8.3.1/../../../../pic32c/lib/thumb/v7e-m+fp/hard\libg-musl.a(tolower.o)
 .debug_info    0x00011887      0x351 c:/program files/microchip/xc32/v4.30/bin/bin/../../lib/gcc/pic32c/8.3.1/../../../../pic32c/lib/thumb/v7e-m+fp/hard\libg-musl.a(toupper.o)
 .debug_info    0x00011bd8      0x2ad c:/program files/microchip/xc32/v4.30/bin/bin/../../lib/gcc/pic32c/8.3.1/../../../../pic32c/lib/thumb/v7e-m+fp/hard\libg-musl.a(__environ.o)
 .debug_info    0x00011e85      0x271 c:/program files/microchip/xc32/v4.30/bin/bin/../../lib/gcc/pic32c/8.3.1/../../../../pic32c/lib/thumb/v7e-m+fp/hard\libg-musl.a(__errno_location.o)
 .debug_info    0x000120f6      0x4a4 c:/program files/microchip/xc32/v4.30/bin/bin/../../lib/gcc/pic32c/8.3.1/../../../../pic32c/lib/thumb/v7e-m+fp/hard\libg-musl.a(__int_vsnprintf.o)
 .debug_info    0x0001259a      0x441 c:/program files/microchip/xc32/v4.30/bin/bin/../../lib/gcc/pic32c/8.3.1/../../../../pic32c/lib/thumb/v7e-m+fp/hard\libg-musl.a(__cvt_u.o)
 .debug_info    0x000129db      0x2b6 c:/program files/microchip/xc32/v4.30/bin/bin/../../lib/gcc/pic32c/8.3.1/../../../../pic32c/lib/thumb/v7e-m+fp/hard\libg-musl.a(stpcpy.o)
 .debug_info    0x00012c91      0x477 c:/program files/microchip/xc32/v4.30/bin/bin/../../lib/gcc/pic32c/8.3.1/../../../../pic32c/lib/thumb/v7e-m+fp/hard\libg-musl.a(__int_vfprintf.o)
 .debug_info    0x00013108       0x26 c:/program files/microchip/xc32/v4.30/bin/bin/../../lib/gcc/pic32c/8.3.1/thumb/v7e-m+fp/hard\libgcc.a(_aeabi_uldivmod.o)
 .debug_info    0x0001312e      0x7aa c:/program files/microchip/xc32/v4.30/bin/bin/../../lib/gcc/pic32c/8.3.1/thumb/v7e-m+fp/hard\libgcc.a(_udivmoddi4.o)
 .debug_info    0x000138d8       0x26 c:/program files/microchip/xc32/v4.30/bin/bin/../../lib/gcc/pic32c/8.3.1/thumb/v7e-m+fp/hard\libgcc.a(_dvmd_tls.o)
 .debug_info    0x000138fe      0x296 c:/program files/microchip/xc32/v4.30/bin/bin/../../lib/gcc/pic32c/8.3.1/../../../../pic32c/lib/thumb/v7e-m+fp/hard\libpic32c.a(pic32_data_init_clear.o)
 .debug_info    0x00013b94      0x295 c:/program files/microchip/xc32/v4.30/bin/bin/../../lib/gcc/pic32c/8.3.1/../../../../pic32c/lib/thumb/v7e-m+fp/hard\libpic32c.a(pic32_data_init_copy.o)

.debug_abbrev   0x00000000     0x2d08
 .debug_abbrev  0x00000000      0x102 build/sam_e51_cnano/debug/_ext/7187140/plib_clock.o
 .debug_abbrev  0x00000102      0x2ff build/sam_e51_cnano/debug/_ext/831021835/plib_dmac.o
 .debug_abbrev  0x00000401      0x168 build/sam_e51_cnano/debug/_ext/1220119669/plib_eic.o
 .debug_abbrev  0x00000569       0x3b build/sam_e51_cnano/debug/_ext/9336626/plib_evsys.o
 .debug_abbrev  0x000005a4      0x1ee build/sam_e51_cnano/debug/_ext/830715028/plib_nvic.o
 .debug_abbrev  0x00000792      0x1d9 build/sam_e51_cnano/debug/_ext/226030394/plib_nvmctrl.o
 .debug_abbrev  0x0000096b      0x189 build/sam_e51_cnano/debug/_ext/830661877/plib_port.o
 .debug_abbrev  0x00000af4      0x1c0 build/sam_e51_cnano/debug/_ext/1220132503/plib_rtc_timer.o
 .debug_abbrev  0x00000cb4      0x1f6 build/sam_e51_cnano/debug/_ext/314480351/plib_sercom5_usart.o
 .debug_abbrev  0x00000eaa       0x53 build/sam_e51_cnano/debug/_ext/570918426/initialization.o
 .debug_abbrev  0x00000efd       0xb5 build/sam_e51_cnano/debug/_ext/570918426/interrupts.o
 .debug_abbrev  0x00000fb2       0x3e build/sam_e51_cnano/debug/_ext/570918426/exceptions.o
 .debug_abbrev  0x00000ff0      0x1d1 build/sam_e51_cnano/debug/_ext/570918426/startup_xc32.o
 .debug_abbrev  0x000011c1      0x153 build/sam_e51_cnano/debug/_ext/1360937237/main.o
 .debug_abbrev  0x00001314       0x14 build/sam_e51_cnano/debug/_ext/1360937237/asmFmax.o
 .debug_abbrev  0x00001328       0xef build/sam_e51_cnano/debug/_ext/1360937237/printFuncs.o
 .debug_abbrev  0x00001417      0x183 build/sam_e51_cnano/debug/_ext/1360937237/testFuncs.o
 .debug_abbrev  0x0000159a       0x44 c:/program files/microchip/xc32/v4.30/bin/bin/../../lib/gcc/pic32c/8.3.1/../../../../pic32c/lib/thumb/v7e-m+fp/hard\libpic32c.a(data_init.o)
 .debug_abbrev  0x000015de      0x117 c:/program files/microchip/xc32/v4.30/bin/bin/../../lib/gcc/pic32c/8.3.1/../../../../pic32c/lib/thumb/v7e-m+fp/hard\libg-musl.a(__libc_start_main.o)
 .debug_abbrev  0x000016f5       0xb8 c:/program files/microchip/xc32/v4.30/bin/bin/../../lib/gcc/pic32c/8.3.1/../../../../pic32c/lib/thumb/v7e-m+fp/hard\libg-musl.a(libc.o)
 .debug_abbrev  0x000017ad      0x12e c:/program files/microchip/xc32/v4.30/bin/bin/../../lib/gcc/pic32c/8.3.1/../../../../pic32c/lib/thumb/v7e-m+fp/hard\libg-musl.a(__sio_snprintf_cdeEfFgGnpsxX.o)
 .debug_abbrev  0x000018db      0x120 c:/program files/microchip/xc32/v4.30/bin/bin/../../lib/gcc/pic32c/8.3.1/../../../../pic32c/lib/thumb/v7e-m+fp/hard\libg-musl.a(__fmt_d.o)
 .debug_abbrev  0x000019fb      0x1b3 c:/program files/microchip/xc32/v4.30/bin/bin/../../lib/gcc/pic32c/8.3.1/../../../../pic32c/lib/thumb/v7e-m+fp/hard\libg-musl.a(__fmt_fp.o)
 .debug_abbrev  0x00001bae      0x10b c:/program files/microchip/xc32/v4.30/bin/bin/../../lib/gcc/pic32c/8.3.1/../../../../pic32c/lib/thumb/v7e-m+fp/hard\libg-musl.a(__fmt_s.o)
 .debug_abbrev  0x00001cb9      0x10f c:/program files/microchip/xc32/v4.30/bin/bin/../../lib/gcc/pic32c/8.3.1/../../../../pic32c/lib/thumb/v7e-m+fp/hard\libg-musl.a(__fmt_x.o)
 .debug_abbrev  0x00001dc8       0xbd c:/program files/microchip/xc32/v4.30/bin/bin/../../lib/gcc/pic32c/8.3.1/../../../../pic32c/lib/thumb/v7e-m+fp/hard\libg-musl.a(__pop_float.o)
 .debug_abbrev  0x00001e85       0xbd c:/program files/microchip/xc32/v4.30/bin/bin/../../lib/gcc/pic32c/8.3.1/../../../../pic32c/lib/thumb/v7e-m+fp/hard\libg-musl.a(__pop_int.o)
 .debug_abbrev  0x00001f42       0xce c:/program files/microchip/xc32/v4.30/bin/bin/../../lib/gcc/pic32c/8.3.1/../../../../pic32c/lib/thumb/v7e-m+fp/hard\libg-musl.a(__pop_ptr.o)
 .debug_abbrev  0x00002010      0x2c5 c:/program files/microchip/xc32/v4.30/bin/bin/../../lib/gcc/pic32c/8.3.1/../../../../pic32c/lib/thumb/v7e-m+fp/hard\libg-musl.a(__printf_core.o)
 .debug_abbrev  0x000022d5       0xbb c:/program files/microchip/xc32/v4.30/bin/bin/../../lib/gcc/pic32c/8.3.1/../../../../pic32c/lib/thumb/v7e-m+fp/hard\libg-musl.a(atoi.o)
 .debug_abbrev  0x00002390       0x9c c:/program files/microchip/xc32/v4.30/bin/bin/../../lib/gcc/pic32c/8.3.1/../../../../pic32c/lib/thumb/v7e-m+fp/hard\libg-musl.a(memcpy.o)
 .debug_abbrev  0x0000242c       0x97 c:/program files/microchip/xc32/v4.30/bin/bin/../../lib/gcc/pic32c/8.3.1/../../../../pic32c/lib/thumb/v7e-m+fp/hard\libg-musl.a(memset.o)
 .debug_abbrev  0x000024c3       0x86 c:/program files/microchip/xc32/v4.30/bin/bin/../../lib/gcc/pic32c/8.3.1/../../../../pic32c/lib/thumb/v7e-m+fp/hard\libg-musl.a(strlen.o)
 .debug_abbrev  0x00002549       0x8e c:/program files/microchip/xc32/v4.30/bin/bin/../../lib/gcc/pic32c/8.3.1/../../../../pic32c/lib/thumb/v7e-m+fp/hard\libg-musl.a(strcpy.o)
 .debug_abbrev  0x000025d7       0xfd c:/program files/microchip/xc32/v4.30/bin/bin/../../lib/gcc/pic32c/8.3.1/../../../../pic32c/lib/thumb/v7e-m+fp/hard\libg-musl.a(tolower.o)
 .debug_abbrev  0x000026d4       0xfd c:/program files/microchip/xc32/v4.30/bin/bin/../../lib/gcc/pic32c/8.3.1/../../../../pic32c/lib/thumb/v7e-m+fp/hard\libg-musl.a(toupper.o)
 .debug_abbrev  0x000027d1       0x57 c:/program files/microchip/xc32/v4.30/bin/bin/../../lib/gcc/pic32c/8.3.1/../../../../pic32c/lib/thumb/v7e-m+fp/hard\libg-musl.a(__environ.o)
 .debug_abbrev  0x00002828       0x2e c:/program files/microchip/xc32/v4.30/bin/bin/../../lib/gcc/pic32c/8.3.1/../../../../pic32c/lib/thumb/v7e-m+fp/hard\libg-musl.a(__errno_location.o)
 .debug_abbrev  0x00002856      0x127 c:/program files/microchip/xc32/v4.30/bin/bin/../../lib/gcc/pic32c/8.3.1/../../../../pic32c/lib/thumb/v7e-m+fp/hard\libg-musl.a(__int_vsnprintf.o)
 .debug_abbrev  0x0000297d       0xa1 c:/program files/microchip/xc32/v4.30/bin/bin/../../lib/gcc/pic32c/8.3.1/../../../../pic32c/lib/thumb/v7e-m+fp/hard\libg-musl.a(__cvt_u.o)
 .debug_abbrev  0x00002a1e       0x63 c:/program files/microchip/xc32/v4.30/bin/bin/../../lib/gcc/pic32c/8.3.1/../../../../pic32c/lib/thumb/v7e-m+fp/hard\libg-musl.a(stpcpy.o)
 .debug_abbrev  0x00002a81      0x111 c:/program files/microchip/xc32/v4.30/bin/bin/../../lib/gcc/pic32c/8.3.1/../../../../pic32c/lib/thumb/v7e-m+fp/hard\libg-musl.a(__int_vfprintf.o)
 .debug_abbrev  0x00002b92       0x14 c:/program files/microchip/xc32/v4.30/bin/bin/../../lib/gcc/pic32c/8.3.1/thumb/v7e-m+fp/hard\libgcc.a(_aeabi_uldivmod.o)
 .debug_abbrev  0x00002ba6       0xf2 c:/program files/microchip/xc32/v4.30/bin/bin/../../lib/gcc/pic32c/8.3.1/thumb/v7e-m+fp/hard\libgcc.a(_udivmoddi4.o)
 .debug_abbrev  0x00002c98       0x14 c:/program files/microchip/xc32/v4.30/bin/bin/../../lib/gcc/pic32c/8.3.1/thumb/v7e-m+fp/hard\libgcc.a(_dvmd_tls.o)
 .debug_abbrev  0x00002cac       0x2e c:/program files/microchip/xc32/v4.30/bin/bin/../../lib/gcc/pic32c/8.3.1/../../../../pic32c/lib/thumb/v7e-m+fp/hard\libpic32c.a(pic32_data_init_clear.o)
 .debug_abbrev  0x00002cda       0x2e c:/program files/microchip/xc32/v4.30/bin/bin/../../lib/gcc/pic32c/8.3.1/../../../../pic32c/lib/thumb/v7e-m+fp/hard\libpic32c.a(pic32_data_init_copy.o)

.debug_loc      0x00000000     0x577d
 .debug_loc     0x00000000      0x208 build/sam_e51_cnano/debug/_ext/7187140/plib_clock.o
 .debug_loc     0x00000208      0x598 build/sam_e51_cnano/debug/_ext/831021835/plib_dmac.o
 .debug_loc     0x000007a0      0x184 build/sam_e51_cnano/debug/_ext/1220119669/plib_eic.o
 .debug_loc     0x00000924       0x44 build/sam_e51_cnano/debug/_ext/9336626/plib_evsys.o
 .debug_loc     0x00000968      0x23c build/sam_e51_cnano/debug/_ext/830715028/plib_nvic.o
 .debug_loc     0x00000ba4      0x678 build/sam_e51_cnano/debug/_ext/226030394/plib_nvmctrl.o
 .debug_loc     0x0000121c      0x3dc build/sam_e51_cnano/debug/_ext/830661877/plib_port.o
 .debug_loc     0x000015f8      0x52c build/sam_e51_cnano/debug/_ext/1220132503/plib_rtc_timer.o
 .debug_loc     0x00001b24      0x37c build/sam_e51_cnano/debug/_ext/314480351/plib_sercom5_usart.o
 .debug_loc     0x00001ea0       0x50 build/sam_e51_cnano/debug/_ext/570918426/initialization.o
 .debug_loc     0x00001ef0      0x108 build/sam_e51_cnano/debug/_ext/570918426/exceptions.o
 .debug_loc     0x00001ff8      0x11c build/sam_e51_cnano/debug/_ext/570918426/startup_xc32.o
 .debug_loc     0x00002114      0x165 build/sam_e51_cnano/debug/_ext/1360937237/main.o
 .debug_loc     0x00002279       0x50 build/sam_e51_cnano/debug/_ext/1360937237/printFuncs.o
 .debug_loc     0x000022c9      0x2a6 build/sam_e51_cnano/debug/_ext/1360937237/testFuncs.o
 .debug_loc     0x0000256f       0x14 c:/program files/microchip/xc32/v4.30/bin/bin/../../lib/gcc/pic32c/8.3.1/../../../../pic32c/lib/thumb/v7e-m+fp/hard\libpic32c.a(data_init.o)
 .debug_loc     0x00002583       0x51 c:/program files/microchip/xc32/v4.30/bin/bin/../../lib/gcc/pic32c/8.3.1/../../../../pic32c/lib/thumb/v7e-m+fp/hard\libg-musl.a(__libc_start_main.o)
 .debug_loc     0x000025d4       0xdb c:/program files/microchip/xc32/v4.30/bin/bin/../../lib/gcc/pic32c/8.3.1/../../../../pic32c/lib/thumb/v7e-m+fp/hard\libg-musl.a(__sio_snprintf_cdeEfFgGnpsxX.o)
 .debug_loc     0x000026af      0x1ef c:/program files/microchip/xc32/v4.30/bin/bin/../../lib/gcc/pic32c/8.3.1/../../../../pic32c/lib/thumb/v7e-m+fp/hard\libg-musl.a(__fmt_d.o)
 .debug_loc     0x0000289e      0xa5d c:/program files/microchip/xc32/v4.30/bin/bin/../../lib/gcc/pic32c/8.3.1/../../../../pic32c/lib/thumb/v7e-m+fp/hard\libg-musl.a(__fmt_fp.o)
 .debug_loc     0x000032fb      0x157 c:/program files/microchip/xc32/v4.30/bin/bin/../../lib/gcc/pic32c/8.3.1/../../../../pic32c/lib/thumb/v7e-m+fp/hard\libg-musl.a(__fmt_s.o)
 .debug_loc     0x00003452      0x26d c:/program files/microchip/xc32/v4.30/bin/bin/../../lib/gcc/pic32c/8.3.1/../../../../pic32c/lib/thumb/v7e-m+fp/hard\libg-musl.a(__fmt_x.o)
 .debug_loc     0x000036bf       0xa6 c:/program files/microchip/xc32/v4.30/bin/bin/../../lib/gcc/pic32c/8.3.1/../../../../pic32c/lib/thumb/v7e-m+fp/hard\libg-musl.a(__pop_float.o)
 .debug_loc     0x00003765      0x2f5 c:/program files/microchip/xc32/v4.30/bin/bin/../../lib/gcc/pic32c/8.3.1/../../../../pic32c/lib/thumb/v7e-m+fp/hard\libg-musl.a(__pop_int.o)
 .debug_loc     0x00003a5a      0x1db c:/program files/microchip/xc32/v4.30/bin/bin/../../lib/gcc/pic32c/8.3.1/../../../../pic32c/lib/thumb/v7e-m+fp/hard\libg-musl.a(__pop_ptr.o)
 .debug_loc     0x00003c35      0x5e9 c:/program files/microchip/xc32/v4.30/bin/bin/../../lib/gcc/pic32c/8.3.1/../../../../pic32c/lib/thumb/v7e-m+fp/hard\libg-musl.a(__printf_core.o)
 .debug_loc     0x0000421e       0xd8 c:/program files/microchip/xc32/v4.30/bin/bin/../../lib/gcc/pic32c/8.3.1/../../../../pic32c/lib/thumb/v7e-m+fp/hard\libg-musl.a(atoi.o)
 .debug_loc     0x000042f6       0xe5 c:/program files/microchip/xc32/v4.30/bin/bin/../../lib/gcc/pic32c/8.3.1/../../../../pic32c/lib/thumb/v7e-m+fp/hard\libg-musl.a(memcpy.o)
 .debug_loc     0x000043db       0x56 c:/program files/microchip/xc32/v4.30/bin/bin/../../lib/gcc/pic32c/8.3.1/../../../../pic32c/lib/thumb/v7e-m+fp/hard\libg-musl.a(memset.o)
 .debug_loc     0x00004431       0x47 c:/program files/microchip/xc32/v4.30/bin/bin/../../lib/gcc/pic32c/8.3.1/../../../../pic32c/lib/thumb/v7e-m+fp/hard\libg-musl.a(strlen.o)
 .debug_loc     0x00004478       0x67 c:/program files/microchip/xc32/v4.30/bin/bin/../../lib/gcc/pic32c/8.3.1/../../../../pic32c/lib/thumb/v7e-m+fp/hard\libg-musl.a(strcpy.o)
 .debug_loc     0x000044df       0x4a c:/program files/microchip/xc32/v4.30/bin/bin/../../lib/gcc/pic32c/8.3.1/../../../../pic32c/lib/thumb/v7e-m+fp/hard\libg-musl.a(tolower.o)
 .debug_loc     0x00004529       0x4a c:/program files/microchip/xc32/v4.30/bin/bin/../../lib/gcc/pic32c/8.3.1/../../../../pic32c/lib/thumb/v7e-m+fp/hard\libg-musl.a(toupper.o)
 .debug_loc     0x00004573       0xfd c:/program files/microchip/xc32/v4.30/bin/bin/../../lib/gcc/pic32c/8.3.1/../../../../pic32c/lib/thumb/v7e-m+fp/hard\libg-musl.a(__int_vsnprintf.o)
 .debug_loc     0x00004670      0x198 c:/program files/microchip/xc32/v4.30/bin/bin/../../lib/gcc/pic32c/8.3.1/../../../../pic32c/lib/thumb/v7e-m+fp/hard\libg-musl.a(__cvt_u.o)
 .debug_loc     0x00004808       0x60 c:/program files/microchip/xc32/v4.30/bin/bin/../../lib/gcc/pic32c/8.3.1/../../../../pic32c/lib/thumb/v7e-m+fp/hard\libg-musl.a(stpcpy.o)
 .debug_loc     0x00004868       0x88 c:/program files/microchip/xc32/v4.30/bin/bin/../../lib/gcc/pic32c/8.3.1/../../../../pic32c/lib/thumb/v7e-m+fp/hard\libg-musl.a(__int_vfprintf.o)
 .debug_loc     0x000048f0      0xe79 c:/program files/microchip/xc32/v4.30/bin/bin/../../lib/gcc/pic32c/8.3.1/thumb/v7e-m+fp/hard\libgcc.a(_udivmoddi4.o)
 .debug_loc     0x00005769       0x14 c:/program files/microchip/xc32/v4.30/bin/bin/../../lib/gcc/pic32c/8.3.1/../../../../pic32c/lib/thumb/v7e-m+fp/hard\libpic32c.a(pic32_data_init_copy.o)

.debug_aranges  0x00000000      0x980
 .debug_aranges
                0x00000000       0x58 build/sam_e51_cnano/debug/_ext/7187140/plib_clock.o
 .debug_aranges
                0x00000058       0xa0 build/sam_e51_cnano/debug/_ext/831021835/plib_dmac.o
 .debug_aranges
                0x000000f8       0x40 build/sam_e51_cnano/debug/_ext/1220119669/plib_eic.o
 .debug_aranges
                0x00000138       0x20 build/sam_e51_cnano/debug/_ext/9336626/plib_evsys.o
 .debug_aranges
                0x00000158       0x50 build/sam_e51_cnano/debug/_ext/830715028/plib_nvic.o
 .debug_aranges
                0x000001a8       0xc0 build/sam_e51_cnano/debug/_ext/226030394/plib_nvmctrl.o
 .debug_aranges
                0x00000268       0x70 build/sam_e51_cnano/debug/_ext/830661877/plib_port.o
 .debug_aranges
                0x000002d8       0xa0 build/sam_e51_cnano/debug/_ext/1220132503/plib_rtc_timer.o
 .debug_aranges
                0x00000378       0x70 build/sam_e51_cnano/debug/_ext/314480351/plib_sercom5_usart.o
 .debug_aranges
                0x000003e8       0x20 build/sam_e51_cnano/debug/_ext/570918426/initialization.o
 .debug_aranges
                0x00000408       0x20 build/sam_e51_cnano/debug/_ext/570918426/interrupts.o
 .debug_aranges
                0x00000428       0x48 build/sam_e51_cnano/debug/_ext/570918426/exceptions.o
 .debug_aranges
                0x00000470       0x40 build/sam_e51_cnano/debug/_ext/570918426/startup_xc32.o
 .debug_aranges
                0x000004b0       0x38 build/sam_e51_cnano/debug/_ext/1360937237/main.o
 .debug_aranges
                0x000004e8       0x20 build/sam_e51_cnano/debug/_ext/1360937237/asmFmax.o
 .debug_aranges
                0x00000508       0x20 build/sam_e51_cnano/debug/_ext/1360937237/printFuncs.o
 .debug_aranges
                0x00000528       0x58 build/sam_e51_cnano/debug/_ext/1360937237/testFuncs.o
 .debug_aranges
                0x00000580       0x28 c:/program files/microchip/xc32/v4.30/bin/bin/../../lib/gcc/pic32c/8.3.1/../../../../pic32c/lib/thumb/v7e-m+fp/hard\libpic32c.a(data_init.o)
 .debug_aranges
                0x000005a8       0x28 c:/program files/microchip/xc32/v4.30/bin/bin/../../lib/gcc/pic32c/8.3.1/../../../../pic32c/lib/thumb/v7e-m+fp/hard\libg-musl.a(__libc_start_main.o)
 .debug_aranges
                0x000005d0       0x18 c:/program files/microchip/xc32/v4.30/bin/bin/../../lib/gcc/pic32c/8.3.1/../../../../pic32c/lib/thumb/v7e-m+fp/hard\libg-musl.a(libc.o)
 .debug_aranges
                0x000005e8       0x28 c:/program files/microchip/xc32/v4.30/bin/bin/../../lib/gcc/pic32c/8.3.1/../../../../pic32c/lib/thumb/v7e-m+fp/hard\libg-musl.a(__sio_snprintf_cdeEfFgGnpsxX.o)
 .debug_aranges
                0x00000610       0x20 c:/program files/microchip/xc32/v4.30/bin/bin/../../lib/gcc/pic32c/8.3.1/../../../../pic32c/lib/thumb/v7e-m+fp/hard\libg-musl.a(__fmt_d.o)
 .debug_aranges
                0x00000630       0x20 c:/program files/microchip/xc32/v4.30/bin/bin/../../lib/gcc/pic32c/8.3.1/../../../../pic32c/lib/thumb/v7e-m+fp/hard\libg-musl.a(__fmt_fp.o)
 .debug_aranges
                0x00000650       0x20 c:/program files/microchip/xc32/v4.30/bin/bin/../../lib/gcc/pic32c/8.3.1/../../../../pic32c/lib/thumb/v7e-m+fp/hard\libg-musl.a(__fmt_s.o)
 .debug_aranges
                0x00000670       0x20 c:/program files/microchip/xc32/v4.30/bin/bin/../../lib/gcc/pic32c/8.3.1/../../../../pic32c/lib/thumb/v7e-m+fp/hard\libg-musl.a(__fmt_x.o)
 .debug_aranges
                0x00000690       0x20 c:/program files/microchip/xc32/v4.30/bin/bin/../../lib/gcc/pic32c/8.3.1/../../../../pic32c/lib/thumb/v7e-m+fp/hard\libg-musl.a(__pop_float.o)
 .debug_aranges
                0x000006b0       0x20 c:/program files/microchip/xc32/v4.30/bin/bin/../../lib/gcc/pic32c/8.3.1/../../../../pic32c/lib/thumb/v7e-m+fp/hard\libg-musl.a(__pop_int.o)
 .debug_aranges
                0x000006d0       0x20 c:/program files/microchip/xc32/v4.30/bin/bin/../../lib/gcc/pic32c/8.3.1/../../../../pic32c/lib/thumb/v7e-m+fp/hard\libg-musl.a(__pop_ptr.o)
 .debug_aranges
                0x000006f0       0x50 c:/program files/microchip/xc32/v4.30/bin/bin/../../lib/gcc/pic32c/8.3.1/../../../../pic32c/lib/thumb/v7e-m+fp/hard\libg-musl.a(__printf_core.o)
 .debug_aranges
                0x00000740       0x20 c:/program files/microchip/xc32/v4.30/bin/bin/../../lib/gcc/pic32c/8.3.1/../../../../pic32c/lib/thumb/v7e-m+fp/hard\libg-musl.a(atoi.o)
 .debug_aranges
                0x00000760       0x20 c:/program files/microchip/xc32/v4.30/bin/bin/../../lib/gcc/pic32c/8.3.1/../../../../pic32c/lib/thumb/v7e-m+fp/hard\libg-musl.a(memcpy.o)
 .debug_aranges
                0x00000780       0x20 c:/program files/microchip/xc32/v4.30/bin/bin/../../lib/gcc/pic32c/8.3.1/../../../../pic32c/lib/thumb/v7e-m+fp/hard\libg-musl.a(memset.o)
 .debug_aranges
                0x000007a0       0x20 c:/program files/microchip/xc32/v4.30/bin/bin/../../lib/gcc/pic32c/8.3.1/../../../../pic32c/lib/thumb/v7e-m+fp/hard\libg-musl.a(strlen.o)
 .debug_aranges
                0x000007c0       0x20 c:/program files/microchip/xc32/v4.30/bin/bin/../../lib/gcc/pic32c/8.3.1/../../../../pic32c/lib/thumb/v7e-m+fp/hard\libg-musl.a(strcpy.o)
 .debug_aranges
                0x000007e0       0x28 c:/program files/microchip/xc32/v4.30/bin/bin/../../lib/gcc/pic32c/8.3.1/../../../../pic32c/lib/thumb/v7e-m+fp/hard\libg-musl.a(tolower.o)
 .debug_aranges
                0x00000808       0x28 c:/program files/microchip/xc32/v4.30/bin/bin/../../lib/gcc/pic32c/8.3.1/../../../../pic32c/lib/thumb/v7e-m+fp/hard\libg-musl.a(toupper.o)
 .debug_aranges
                0x00000830       0x18 c:/program files/microchip/xc32/v4.30/bin/bin/../../lib/gcc/pic32c/8.3.1/../../../../pic32c/lib/thumb/v7e-m+fp/hard\libg-musl.a(__environ.o)
 .debug_aranges
                0x00000848       0x18 c:/program files/microchip/xc32/v4.30/bin/bin/../../lib/gcc/pic32c/8.3.1/../../../../pic32c/lib/thumb/v7e-m+fp/hard\libg-musl.a(__errno_location.o)
 .debug_aranges
                0x00000860       0x20 c:/program files/microchip/xc32/v4.30/bin/bin/../../lib/gcc/pic32c/8.3.1/../../../../pic32c/lib/thumb/v7e-m+fp/hard\libg-musl.a(__int_vsnprintf.o)
 .debug_aranges
                0x00000880       0x20 c:/program files/microchip/xc32/v4.30/bin/bin/../../lib/gcc/pic32c/8.3.1/../../../../pic32c/lib/thumb/v7e-m+fp/hard\libg-musl.a(__cvt_u.o)
 .debug_aranges
                0x000008a0       0x20 c:/program files/microchip/xc32/v4.30/bin/bin/../../lib/gcc/pic32c/8.3.1/../../../../pic32c/lib/thumb/v7e-m+fp/hard\libg-musl.a(stpcpy.o)
 .debug_aranges
                0x000008c0       0x20 c:/program files/microchip/xc32/v4.30/bin/bin/../../lib/gcc/pic32c/8.3.1/../../../../pic32c/lib/thumb/v7e-m+fp/hard\libg-musl.a(__int_vfprintf.o)
 .debug_aranges
                0x000008e0       0x20 c:/program files/microchip/xc32/v4.30/bin/bin/../../lib/gcc/pic32c/8.3.1/thumb/v7e-m+fp/hard\libgcc.a(_aeabi_uldivmod.o)
 .debug_aranges
                0x00000900       0x20 c:/program files/microchip/xc32/v4.30/bin/bin/../../lib/gcc/pic32c/8.3.1/thumb/v7e-m+fp/hard\libgcc.a(_udivmoddi4.o)
 .debug_aranges
                0x00000920       0x20 c:/program files/microchip/xc32/v4.30/bin/bin/../../lib/gcc/pic32c/8.3.1/thumb/v7e-m+fp/hard\libgcc.a(_dvmd_tls.o)
 .debug_aranges
                0x00000940       0x20 c:/program files/microchip/xc32/v4.30/bin/bin/../../lib/gcc/pic32c/8.3.1/../../../../pic32c/lib/thumb/v7e-m+fp/hard\libpic32c.a(pic32_data_init_clear.o)
 .debug_aranges
                0x00000960       0x20 c:/program files/microchip/xc32/v4.30/bin/bin/../../lib/gcc/pic32c/8.3.1/../../../../pic32c/lib/thumb/v7e-m+fp/hard\libpic32c.a(pic32_data_init_copy.o)

.debug_ranges   0x00000000      0x740
 .debug_ranges  0x00000000       0x48 build/sam_e51_cnano/debug/_ext/7187140/plib_clock.o
 .debug_ranges  0x00000048       0x90 build/sam_e51_cnano/debug/_ext/831021835/plib_dmac.o
 .debug_ranges  0x000000d8       0x30 build/sam_e51_cnano/debug/_ext/1220119669/plib_eic.o
 .debug_ranges  0x00000108       0x10 build/sam_e51_cnano/debug/_ext/9336626/plib_evsys.o
 .debug_ranges  0x00000118       0x40 build/sam_e51_cnano/debug/_ext/830715028/plib_nvic.o
 .debug_ranges  0x00000158       0xb0 build/sam_e51_cnano/debug/_ext/226030394/plib_nvmctrl.o
 .debug_ranges  0x00000208       0x60 build/sam_e51_cnano/debug/_ext/830661877/plib_port.o
 .debug_ranges  0x00000268       0x90 build/sam_e51_cnano/debug/_ext/1220132503/plib_rtc_timer.o
 .debug_ranges  0x000002f8       0x60 build/sam_e51_cnano/debug/_ext/314480351/plib_sercom5_usart.o
 .debug_ranges  0x00000358       0x10 build/sam_e51_cnano/debug/_ext/570918426/initialization.o
 .debug_ranges  0x00000368       0x10 build/sam_e51_cnano/debug/_ext/570918426/interrupts.o
 .debug_ranges  0x00000378       0x38 build/sam_e51_cnano/debug/_ext/570918426/exceptions.o
 .debug_ranges  0x000003b0       0x30 build/sam_e51_cnano/debug/_ext/570918426/startup_xc32.o
 .debug_ranges  0x000003e0       0x40 build/sam_e51_cnano/debug/_ext/1360937237/main.o
 .debug_ranges  0x00000420       0x10 build/sam_e51_cnano/debug/_ext/1360937237/printFuncs.o
 .debug_ranges  0x00000430       0x48 build/sam_e51_cnano/debug/_ext/1360937237/testFuncs.o
 .debug_ranges  0x00000478       0x18 c:/program files/microchip/xc32/v4.30/bin/bin/../../lib/gcc/pic32c/8.3.1/../../../../pic32c/lib/thumb/v7e-m+fp/hard\libpic32c.a(data_init.o)
 .debug_ranges  0x00000490       0x40 c:/program files/microchip/xc32/v4.30/bin/bin/../../lib/gcc/pic32c/8.3.1/../../../../pic32c/lib/thumb/v7e-m+fp/hard\libg-musl.a(__libc_start_main.o)
 .debug_ranges  0x000004d0       0x18 c:/program files/microchip/xc32/v4.30/bin/bin/../../lib/gcc/pic32c/8.3.1/../../../../pic32c/lib/thumb/v7e-m+fp/hard\libg-musl.a(__sio_snprintf_cdeEfFgGnpsxX.o)
 .debug_ranges  0x000004e8       0x10 c:/program files/microchip/xc32/v4.30/bin/bin/../../lib/gcc/pic32c/8.3.1/../../../../pic32c/lib/thumb/v7e-m+fp/hard\libg-musl.a(__fmt_d.o)
 .debug_ranges  0x000004f8       0x10 c:/program files/microchip/xc32/v4.30/bin/bin/../../lib/gcc/pic32c/8.3.1/../../../../pic32c/lib/thumb/v7e-m+fp/hard\libg-musl.a(__fmt_fp.o)
 .debug_ranges  0x00000508       0x10 c:/program files/microchip/xc32/v4.30/bin/bin/../../lib/gcc/pic32c/8.3.1/../../../../pic32c/lib/thumb/v7e-m+fp/hard\libg-musl.a(__fmt_s.o)
 .debug_ranges  0x00000518       0x10 c:/program files/microchip/xc32/v4.30/bin/bin/../../lib/gcc/pic32c/8.3.1/../../../../pic32c/lib/thumb/v7e-m+fp/hard\libg-musl.a(__fmt_x.o)
 .debug_ranges  0x00000528       0x10 c:/program files/microchip/xc32/v4.30/bin/bin/../../lib/gcc/pic32c/8.3.1/../../../../pic32c/lib/thumb/v7e-m+fp/hard\libg-musl.a(__pop_float.o)
 .debug_ranges  0x00000538       0x10 c:/program files/microchip/xc32/v4.30/bin/bin/../../lib/gcc/pic32c/8.3.1/../../../../pic32c/lib/thumb/v7e-m+fp/hard\libg-musl.a(__pop_int.o)
 .debug_ranges  0x00000548       0x10 c:/program files/microchip/xc32/v4.30/bin/bin/../../lib/gcc/pic32c/8.3.1/../../../../pic32c/lib/thumb/v7e-m+fp/hard\libg-musl.a(__pop_ptr.o)
 .debug_ranges  0x00000558       0x58 c:/program files/microchip/xc32/v4.30/bin/bin/../../lib/gcc/pic32c/8.3.1/../../../../pic32c/lib/thumb/v7e-m+fp/hard\libg-musl.a(__printf_core.o)
 .debug_ranges  0x000005b0       0x10 c:/program files/microchip/xc32/v4.30/bin/bin/../../lib/gcc/pic32c/8.3.1/../../../../pic32c/lib/thumb/v7e-m+fp/hard\libg-musl.a(atoi.o)
 .debug_ranges  0x000005c0       0x10 c:/program files/microchip/xc32/v4.30/bin/bin/../../lib/gcc/pic32c/8.3.1/../../../../pic32c/lib/thumb/v7e-m+fp/hard\libg-musl.a(memcpy.o)
 .debug_ranges  0x000005d0       0x10 c:/program files/microchip/xc32/v4.30/bin/bin/../../lib/gcc/pic32c/8.3.1/../../../../pic32c/lib/thumb/v7e-m+fp/hard\libg-musl.a(memset.o)
 .debug_ranges  0x000005e0       0x10 c:/program files/microchip/xc32/v4.30/bin/bin/../../lib/gcc/pic32c/8.3.1/../../../../pic32c/lib/thumb/v7e-m+fp/hard\libg-musl.a(strlen.o)
 .debug_ranges  0x000005f0       0x10 c:/program files/microchip/xc32/v4.30/bin/bin/../../lib/gcc/pic32c/8.3.1/../../../../pic32c/lib/thumb/v7e-m+fp/hard\libg-musl.a(strcpy.o)
 .debug_ranges  0x00000600       0x18 c:/program files/microchip/xc32/v4.30/bin/bin/../../lib/gcc/pic32c/8.3.1/../../../../pic32c/lib/thumb/v7e-m+fp/hard\libg-musl.a(tolower.o)
 .debug_ranges  0x00000618       0x18 c:/program files/microchip/xc32/v4.30/bin/bin/../../lib/gcc/pic32c/8.3.1/../../../../pic32c/lib/thumb/v7e-m+fp/hard\libg-musl.a(toupper.o)
 .debug_ranges  0x00000630       0x10 c:/program files/microchip/xc32/v4.30/bin/bin/../../lib/gcc/pic32c/8.3.1/../../../../pic32c/lib/thumb/v7e-m+fp/hard\libg-musl.a(__int_vsnprintf.o)
 .debug_ranges  0x00000640       0x10 c:/program files/microchip/xc32/v4.30/bin/bin/../../lib/gcc/pic32c/8.3.1/../../../../pic32c/lib/thumb/v7e-m+fp/hard\libg-musl.a(__cvt_u.o)
 .debug_ranges  0x00000650       0x10 c:/program files/microchip/xc32/v4.30/bin/bin/../../lib/gcc/pic32c/8.3.1/../../../../pic32c/lib/thumb/v7e-m+fp/hard\libg-musl.a(stpcpy.o)
 .debug_ranges  0x00000660       0x10 c:/program files/microchip/xc32/v4.30/bin/bin/../../lib/gcc/pic32c/8.3.1/../../../../pic32c/lib/thumb/v7e-m+fp/hard\libg-musl.a(__int_vfprintf.o)
 .debug_ranges  0x00000670       0xb0 c:/program files/microchip/xc32/v4.30/bin/bin/../../lib/gcc/pic32c/8.3.1/thumb/v7e-m+fp/hard\libgcc.a(_udivmoddi4.o)
 .debug_ranges  0x00000720       0x10 c:/program files/microchip/xc32/v4.30/bin/bin/../../lib/gcc/pic32c/8.3.1/../../../../pic32c/lib/thumb/v7e-m+fp/hard\libpic32c.a(pic32_data_init_clear.o)
 .debug_ranges  0x00000730       0x10 c:/program files/microchip/xc32/v4.30/bin/bin/../../lib/gcc/pic32c/8.3.1/../../../../pic32c/lib/thumb/v7e-m+fp/hard\libpic32c.a(pic32_data_init_copy.o)

.debug_line     0x00000000     0x59b9
 .debug_line    0x00000000      0x286 build/sam_e51_cnano/debug/_ext/7187140/plib_clock.o
 .debug_line    0x00000286      0x516 build/sam_e51_cnano/debug/_ext/831021835/plib_dmac.o
 .debug_line    0x0000079c      0x1de build/sam_e51_cnano/debug/_ext/1220119669/plib_eic.o
 .debug_line    0x0000097a       0x6c build/sam_e51_cnano/debug/_ext/9336626/plib_evsys.o
 .debug_line    0x000009e6      0x289 build/sam_e51_cnano/debug/_ext/830715028/plib_nvic.o
 .debug_line    0x00000c6f      0x436 build/sam_e51_cnano/debug/_ext/226030394/plib_nvmctrl.o
 .debug_line    0x000010a5      0x281 build/sam_e51_cnano/debug/_ext/830661877/plib_port.o
 .debug_line    0x00001326      0x367 build/sam_e51_cnano/debug/_ext/1220132503/plib_rtc_timer.o
 .debug_line    0x0000168d      0x432 build/sam_e51_cnano/debug/_ext/314480351/plib_sercom5_usart.o
 .debug_line    0x00001abf       0x6d build/sam_e51_cnano/debug/_ext/570918426/initialization.o
 .debug_line    0x00001b2c       0xbf build/sam_e51_cnano/debug/_ext/570918426/interrupts.o
 .debug_line    0x00001beb       0xd8 build/sam_e51_cnano/debug/_ext/570918426/exceptions.o
 .debug_line    0x00001cc3      0x1ee build/sam_e51_cnano/debug/_ext/570918426/startup_xc32.o
 .debug_line    0x00001eb1      0x1e9 build/sam_e51_cnano/debug/_ext/1360937237/main.o
 .debug_line    0x0000209a      0x132 build/sam_e51_cnano/debug/_ext/1360937237/asmFmax.o
 .debug_line    0x000021cc      0x11a build/sam_e51_cnano/debug/_ext/1360937237/printFuncs.o
 .debug_line    0x000022e6      0x2d9 build/sam_e51_cnano/debug/_ext/1360937237/testFuncs.o
 .debug_line    0x000025bf       0xe9 c:/program files/microchip/xc32/v4.30/bin/bin/../../lib/gcc/pic32c/8.3.1/../../../../pic32c/lib/thumb/v7e-m+fp/hard\libpic32c.a(data_init.o)
 .debug_line    0x000026a8      0x1d5 c:/program files/microchip/xc32/v4.30/bin/bin/../../lib/gcc/pic32c/8.3.1/../../../../pic32c/lib/thumb/v7e-m+fp/hard\libg-musl.a(__libc_start_main.o)
 .debug_line    0x0000287d       0xbc c:/program files/microchip/xc32/v4.30/bin/bin/../../lib/gcc/pic32c/8.3.1/../../../../pic32c/lib/thumb/v7e-m+fp/hard\libg-musl.a(libc.o)
 .debug_line    0x00002939      0x1ba c:/program files/microchip/xc32/v4.30/bin/bin/../../lib/gcc/pic32c/8.3.1/../../../../pic32c/lib/thumb/v7e-m+fp/hard\libg-musl.a(__sio_snprintf_cdeEfFgGnpsxX.o)
 .debug_line    0x00002af3      0x20d c:/program files/microchip/xc32/v4.30/bin/bin/../../lib/gcc/pic32c/8.3.1/../../../../pic32c/lib/thumb/v7e-m+fp/hard\libg-musl.a(__fmt_d.o)
 .debug_line    0x00002d00      0x680 c:/program files/microchip/xc32/v4.30/bin/bin/../../lib/gcc/pic32c/8.3.1/../../../../pic32c/lib/thumb/v7e-m+fp/hard\libg-musl.a(__fmt_fp.o)
 .debug_line    0x00003380      0x200 c:/program files/microchip/xc32/v4.30/bin/bin/../../lib/gcc/pic32c/8.3.1/../../../../pic32c/lib/thumb/v7e-m+fp/hard\libg-musl.a(__fmt_s.o)
 .debug_line    0x00003580      0x2df c:/program files/microchip/xc32/v4.30/bin/bin/../../lib/gcc/pic32c/8.3.1/../../../../pic32c/lib/thumb/v7e-m+fp/hard\libg-musl.a(__fmt_x.o)
 .debug_line    0x0000385f      0x173 c:/program files/microchip/xc32/v4.30/bin/bin/../../lib/gcc/pic32c/8.3.1/../../../../pic32c/lib/thumb/v7e-m+fp/hard\libg-musl.a(__pop_float.o)
 .debug_line    0x000039d2      0x20e c:/program files/microchip/xc32/v4.30/bin/bin/../../lib/gcc/pic32c/8.3.1/../../../../pic32c/lib/thumb/v7e-m+fp/hard\libg-musl.a(__pop_int.o)
 .debug_line    0x00003be0      0x1ee c:/program files/microchip/xc32/v4.30/bin/bin/../../lib/gcc/pic32c/8.3.1/../../../../pic32c/lib/thumb/v7e-m+fp/hard\libg-musl.a(__pop_ptr.o)
 .debug_line    0x00003dce      0x6a3 c:/program files/microchip/xc32/v4.30/bin/bin/../../lib/gcc/pic32c/8.3.1/../../../../pic32c/lib/thumb/v7e-m+fp/hard\libg-musl.a(__printf_core.o)
 .debug_line    0x00004471      0x175 c:/program files/microchip/xc32/v4.30/bin/bin/../../lib/gcc/pic32c/8.3.1/../../../../pic32c/lib/thumb/v7e-m+fp/hard\libg-musl.a(atoi.o)
 .debug_line    0x000045e6       0xf2 c:/program files/microchip/xc32/v4.30/bin/bin/../../lib/gcc/pic32c/8.3.1/../../../../pic32c/lib/thumb/v7e-m+fp/hard\libg-musl.a(memcpy.o)
 .debug_line    0x000046d8       0xe9 c:/program files/microchip/xc32/v4.30/bin/bin/../../lib/gcc/pic32c/8.3.1/../../../../pic32c/lib/thumb/v7e-m+fp/hard\libg-musl.a(memset.o)
 .debug_line    0x000047c1       0xe5 c:/program files/microchip/xc32/v4.30/bin/bin/../../lib/gcc/pic32c/8.3.1/../../../../pic32c/lib/thumb/v7e-m+fp/hard\libg-musl.a(strlen.o)
 .debug_line    0x000048a6       0xb4 c:/program files/microchip/xc32/v4.30/bin/bin/../../lib/gcc/pic32c/8.3.1/../../../../pic32c/lib/thumb/v7e-m+fp/hard\libg-musl.a(strcpy.o)
 .debug_line    0x0000495a      0x165 c:/program files/microchip/xc32/v4.30/bin/bin/../../lib/gcc/pic32c/8.3.1/../../../../pic32c/lib/thumb/v7e-m+fp/hard\libg-musl.a(tolower.o)
 .debug_line    0x00004abf      0x165 c:/program files/microchip/xc32/v4.30/bin/bin/../../lib/gcc/pic32c/8.3.1/../../../../pic32c/lib/thumb/v7e-m+fp/hard\libg-musl.a(toupper.o)
 .debug_line    0x00004c24      0x109 c:/program files/microchip/xc32/v4.30/bin/bin/../../lib/gcc/pic32c/8.3.1/../../../../pic32c/lib/thumb/v7e-m+fp/hard\libg-musl.a(__environ.o)
 .debug_line    0x00004d2d       0xa1 c:/program files/microchip/xc32/v4.30/bin/bin/../../lib/gcc/pic32c/8.3.1/../../../../pic32c/lib/thumb/v7e-m+fp/hard\libg-musl.a(__errno_location.o)
 .debug_line    0x00004dce      0x1c9 c:/program files/microchip/xc32/v4.30/bin/bin/../../lib/gcc/pic32c/8.3.1/../../../../pic32c/lib/thumb/v7e-m+fp/hard\libg-musl.a(__int_vsnprintf.o)
 .debug_line    0x00004f97      0x1d9 c:/program files/microchip/xc32/v4.30/bin/bin/../../lib/gcc/pic32c/8.3.1/../../../../pic32c/lib/thumb/v7e-m+fp/hard\libg-musl.a(__cvt_u.o)
 .debug_line    0x00005170       0xc8 c:/program files/microchip/xc32/v4.30/bin/bin/../../lib/gcc/pic32c/8.3.1/../../../../pic32c/lib/thumb/v7e-m+fp/hard\libg-musl.a(stpcpy.o)
 .debug_line    0x00005238      0x176 c:/program files/microchip/xc32/v4.30/bin/bin/../../lib/gcc/pic32c/8.3.1/../../../../pic32c/lib/thumb/v7e-m+fp/hard\libg-musl.a(__int_vfprintf.o)
 .debug_line    0x000053ae       0x98 c:/program files/microchip/xc32/v4.30/bin/bin/../../lib/gcc/pic32c/8.3.1/thumb/v7e-m+fp/hard\libgcc.a(_aeabi_uldivmod.o)
 .debug_line    0x00005446      0x367 c:/program files/microchip/xc32/v4.30/bin/bin/../../lib/gcc/pic32c/8.3.1/thumb/v7e-m+fp/hard\libgcc.a(_udivmoddi4.o)
 .debug_line    0x000057ad       0x98 c:/program files/microchip/xc32/v4.30/bin/bin/../../lib/gcc/pic32c/8.3.1/thumb/v7e-m+fp/hard\libgcc.a(_dvmd_tls.o)
 .debug_line    0x00005845       0xb6 c:/program files/microchip/xc32/v4.30/bin/bin/../../lib/gcc/pic32c/8.3.1/../../../../pic32c/lib/thumb/v7e-m+fp/hard\libpic32c.a(pic32_data_init_clear.o)
 .debug_line    0x000058fb       0xbe c:/program files/microchip/xc32/v4.30/bin/bin/../../lib/gcc/pic32c/8.3.1/../../../../pic32c/lib/thumb/v7e-m+fp/hard\libpic32c.a(pic32_data_init_copy.o)

.debug_str      0x00000000      0x734
 .debug_str     0x00000000       0x1e build/sam_e51_cnano/debug/_ext/7187140/plib_clock.o
 .debug_str     0x0000001e       0x4c build/sam_e51_cnano/debug/_ext/831021835/plib_dmac.o
 .debug_str     0x0000006a        0x9 build/sam_e51_cnano/debug/_ext/1220119669/plib_eic.o
 .debug_str     0x00000073        0x0 build/sam_e51_cnano/debug/_ext/9336626/plib_evsys.o
 .debug_str     0x00000073        0xa build/sam_e51_cnano/debug/_ext/830715028/plib_nvic.o
 .debug_str     0x0000007d       0x1b build/sam_e51_cnano/debug/_ext/226030394/plib_nvmctrl.o
 .debug_str     0x00000098        0xb build/sam_e51_cnano/debug/_ext/830661877/plib_port.o
 .debug_str     0x000000a3      0x115 build/sam_e51_cnano/debug/_ext/1220132503/plib_rtc_timer.o
 .debug_str     0x000001b8      0x123 build/sam_e51_cnano/debug/_ext/314480351/plib_sercom5_usart.o
 .debug_str     0x000002db        0x0 build/sam_e51_cnano/debug/_ext/570918426/initialization.o
 .debug_str     0x000002db        0x0 build/sam_e51_cnano/debug/_ext/570918426/interrupts.o
 .debug_str     0x000002db        0x0 build/sam_e51_cnano/debug/_ext/570918426/exceptions.o
 .debug_str     0x000002db        0x0 build/sam_e51_cnano/debug/_ext/570918426/startup_xc32.o
 .debug_str     0x000002db        0x0 build/sam_e51_cnano/debug/_ext/1360937237/main.o
 .debug_str     0x000002db       0x91 build/sam_e51_cnano/debug/_ext/1360937237/asmFmax.o
 .debug_str     0x0000036c      0x117 build/sam_e51_cnano/debug/_ext/1360937237/printFuncs.o
 .debug_str     0x00000483       0x1c build/sam_e51_cnano/debug/_ext/1360937237/testFuncs.o
 .debug_str     0x0000049f        0x0 c:/program files/microchip/xc32/v4.30/bin/bin/../../lib/gcc/pic32c/8.3.1/../../../../pic32c/lib/thumb/v7e-m+fp/hard\libpic32c.a(data_init.o)
 .debug_str     0x0000049f        0x0 c:/program files/microchip/xc32/v4.30/bin/bin/../../lib/gcc/pic32c/8.3.1/../../../../pic32c/lib/thumb/v7e-m+fp/hard\libg-musl.a(__libc_start_main.o)
 .debug_str     0x0000049f        0x0 c:/program files/microchip/xc32/v4.30/bin/bin/../../lib/gcc/pic32c/8.3.1/../../../../pic32c/lib/thumb/v7e-m+fp/hard\libg-musl.a(libc.o)
 .debug_str     0x0000049f       0x7d c:/program files/microchip/xc32/v4.30/bin/bin/../../lib/gcc/pic32c/8.3.1/../../../../pic32c/lib/thumb/v7e-m+fp/hard\libg-musl.a(__sio_snprintf_cdeEfFgGnpsxX.o)
 .debug_str     0x0000051c        0x0 c:/program files/microchip/xc32/v4.30/bin/bin/../../lib/gcc/pic32c/8.3.1/../../../../pic32c/lib/thumb/v7e-m+fp/hard\libg-musl.a(__fmt_d.o)
 .debug_str     0x0000051c        0x0 c:/program files/microchip/xc32/v4.30/bin/bin/../../lib/gcc/pic32c/8.3.1/../../../../pic32c/lib/thumb/v7e-m+fp/hard\libg-musl.a(__fmt_fp.o)
 .debug_str     0x0000051c        0x0 c:/program files/microchip/xc32/v4.30/bin/bin/../../lib/gcc/pic32c/8.3.1/../../../../pic32c/lib/thumb/v7e-m+fp/hard\libg-musl.a(__fmt_s.o)
 .debug_str     0x0000051c        0x0 c:/program files/microchip/xc32/v4.30/bin/bin/../../lib/gcc/pic32c/8.3.1/../../../../pic32c/lib/thumb/v7e-m+fp/hard\libg-musl.a(__fmt_x.o)
 .debug_str     0x0000051c        0x0 c:/program files/microchip/xc32/v4.30/bin/bin/../../lib/gcc/pic32c/8.3.1/../../../../pic32c/lib/thumb/v7e-m+fp/hard\libg-musl.a(__pop_float.o)
 .debug_str     0x0000051c        0x0 c:/program files/microchip/xc32/v4.30/bin/bin/../../lib/gcc/pic32c/8.3.1/../../../../pic32c/lib/thumb/v7e-m+fp/hard\libg-musl.a(__pop_int.o)
 .debug_str     0x0000051c        0x0 c:/program files/microchip/xc32/v4.30/bin/bin/../../lib/gcc/pic32c/8.3.1/../../../../pic32c/lib/thumb/v7e-m+fp/hard\libg-musl.a(__pop_ptr.o)
 .debug_str     0x0000051c       0x20 c:/program files/microchip/xc32/v4.30/bin/bin/../../lib/gcc/pic32c/8.3.1/../../../../pic32c/lib/thumb/v7e-m+fp/hard\libg-musl.a(__printf_core.o)
 .debug_str     0x0000053c        0x0 c:/program files/microchip/xc32/v4.30/bin/bin/../../lib/gcc/pic32c/8.3.1/../../../../pic32c/lib/thumb/v7e-m+fp/hard\libg-musl.a(atoi.o)
 .debug_str     0x0000053c        0x0 c:/program files/microchip/xc32/v4.30/bin/bin/../../lib/gcc/pic32c/8.3.1/../../../../pic32c/lib/thumb/v7e-m+fp/hard\libg-musl.a(memcpy.o)
 .debug_str     0x0000053c        0x0 c:/program files/microchip/xc32/v4.30/bin/bin/../../lib/gcc/pic32c/8.3.1/../../../../pic32c/lib/thumb/v7e-m+fp/hard\libg-musl.a(memset.o)
 .debug_str     0x0000053c        0x0 c:/program files/microchip/xc32/v4.30/bin/bin/../../lib/gcc/pic32c/8.3.1/../../../../pic32c/lib/thumb/v7e-m+fp/hard\libg-musl.a(strlen.o)
 .debug_str     0x0000053c        0x9 c:/program files/microchip/xc32/v4.30/bin/bin/../../lib/gcc/pic32c/8.3.1/../../../../pic32c/lib/thumb/v7e-m+fp/hard\libg-musl.a(strcpy.o)
 .debug_str     0x00000545        0x0 c:/program files/microchip/xc32/v4.30/bin/bin/../../lib/gcc/pic32c/8.3.1/../../../../pic32c/lib/thumb/v7e-m+fp/hard\libg-musl.a(tolower.o)
 .debug_str     0x00000545        0x0 c:/program files/microchip/xc32/v4.30/bin/bin/../../lib/gcc/pic32c/8.3.1/../../../../pic32c/lib/thumb/v7e-m+fp/hard\libg-musl.a(toupper.o)
 .debug_str     0x00000545        0x0 c:/program files/microchip/xc32/v4.30/bin/bin/../../lib/gcc/pic32c/8.3.1/../../../../pic32c/lib/thumb/v7e-m+fp/hard\libg-musl.a(__environ.o)
 .debug_str     0x00000545        0x0 c:/program files/microchip/xc32/v4.30/bin/bin/../../lib/gcc/pic32c/8.3.1/../../../../pic32c/lib/thumb/v7e-m+fp/hard\libg-musl.a(__errno_location.o)
 .debug_str     0x00000545        0xb c:/program files/microchip/xc32/v4.30/bin/bin/../../lib/gcc/pic32c/8.3.1/../../../../pic32c/lib/thumb/v7e-m+fp/hard\libg-musl.a(__int_vsnprintf.o)
 .debug_str     0x00000550        0x0 c:/program files/microchip/xc32/v4.30/bin/bin/../../lib/gcc/pic32c/8.3.1/../../../../pic32c/lib/thumb/v7e-m+fp/hard\libg-musl.a(__cvt_u.o)
 .debug_str     0x00000550        0x0 c:/program files/microchip/xc32/v4.30/bin/bin/../../lib/gcc/pic32c/8.3.1/../../../../pic32c/lib/thumb/v7e-m+fp/hard\libg-musl.a(stpcpy.o)
 .debug_str     0x00000550        0xe c:/program files/microchip/xc32/v4.30/bin/bin/../../lib/gcc/pic32c/8.3.1/../../../../pic32c/lib/thumb/v7e-m+fp/hard\libg-musl.a(__int_vfprintf.o)
 .debug_str     0x0000055e       0xe9 c:/program files/microchip/xc32/v4.30/bin/bin/../../lib/gcc/pic32c/8.3.1/thumb/v7e-m+fp/hard\libgcc.a(_aeabi_uldivmod.o)
 .debug_str     0x00000647        0x0 c:/program files/microchip/xc32/v4.30/bin/bin/../../lib/gcc/pic32c/8.3.1/thumb/v7e-m+fp/hard\libgcc.a(_udivmoddi4.o)
 .debug_str     0x00000647       0xed c:/program files/microchip/xc32/v4.30/bin/bin/../../lib/gcc/pic32c/8.3.1/thumb/v7e-m+fp/hard\libgcc.a(_dvmd_tls.o)
 .debug_str     0x00000734        0x0 c:/program files/microchip/xc32/v4.30/bin/bin/../../lib/gcc/pic32c/8.3.1/../../../../pic32c/lib/thumb/v7e-m+fp/hard\libpic32c.a(pic32_data_init_clear.o)
 .debug_str     0x00000734        0x0 c:/program files/microchip/xc32/v4.30/bin/bin/../../lib/gcc/pic32c/8.3.1/../../../../pic32c/lib/thumb/v7e-m+fp/hard\libpic32c.a(pic32_data_init_copy.o)

.debug_frame    0x00000000     0x17cc
 .debug_frame   0x00000000      0x10c build/sam_e51_cnano/debug/_ext/7187140/plib_clock.o
 .debug_frame   0x0000010c      0x290 build/sam_e51_cnano/debug/_ext/831021835/plib_dmac.o
 .debug_frame   0x0000039c       0xc4 build/sam_e51_cnano/debug/_ext/1220119669/plib_eic.o
 .debug_frame   0x00000460       0x30 build/sam_e51_cnano/debug/_ext/9336626/plib_evsys.o
 .debug_frame   0x00000490      0x114 build/sam_e51_cnano/debug/_ext/830715028/plib_nvic.o
 .debug_frame   0x000005a4      0x2fc build/sam_e51_cnano/debug/_ext/226030394/plib_nvmctrl.o
 .debug_frame   0x000008a0      0x1c0 build/sam_e51_cnano/debug/_ext/830661877/plib_port.o
 .debug_frame   0x00000a60      0x26c build/sam_e51_cnano/debug/_ext/1220132503/plib_rtc_timer.o
 .debug_frame   0x00000ccc      0x1a8 build/sam_e51_cnano/debug/_ext/314480351/plib_sercom5_usart.o
 .debug_frame   0x00000e74       0x34 build/sam_e51_cnano/debug/_ext/570918426/initialization.o
 .debug_frame   0x00000ea8       0x20 build/sam_e51_cnano/debug/_ext/570918426/interrupts.o
 .debug_frame   0x00000ec8       0xa0 build/sam_e51_cnano/debug/_ext/570918426/exceptions.o
 .debug_frame   0x00000f68       0xa8 build/sam_e51_cnano/debug/_ext/570918426/startup_xc32.o
 .debug_frame   0x00001010       0xb0 build/sam_e51_cnano/debug/_ext/1360937237/main.o
 .debug_frame   0x000010c0       0x34 build/sam_e51_cnano/debug/_ext/1360937237/printFuncs.o
 .debug_frame   0x000010f4      0x150 build/sam_e51_cnano/debug/_ext/1360937237/testFuncs.o
 .debug_frame   0x00001244       0x3c c:/program files/microchip/xc32/v4.30/bin/bin/../../lib/gcc/pic32c/8.3.1/../../../../pic32c/lib/thumb/v7e-m+fp/hard\libpic32c.a(data_init.o)
 .debug_frame   0x00001280       0x3c c:/program files/microchip/xc32/v4.30/bin/bin/../../lib/gcc/pic32c/8.3.1/../../../../pic32c/lib/thumb/v7e-m+fp/hard\libg-musl.a(__libc_start_main.o)
 .debug_frame   0x000012bc       0x54 c:/program files/microchip/xc32/v4.30/bin/bin/../../lib/gcc/pic32c/8.3.1/../../../../pic32c/lib/thumb/v7e-m+fp/hard\libg-musl.a(__sio_snprintf_cdeEfFgGnpsxX.o)
 .debug_frame   0x00001310       0x3c c:/program files/microchip/xc32/v4.30/bin/bin/../../lib/gcc/pic32c/8.3.1/../../../../pic32c/lib/thumb/v7e-m+fp/hard\libg-musl.a(__fmt_d.o)
 .debug_frame   0x0000134c       0x50 c:/program files/microchip/xc32/v4.30/bin/bin/../../lib/gcc/pic32c/8.3.1/../../../../pic32c/lib/thumb/v7e-m+fp/hard\libg-musl.a(__fmt_fp.o)
 .debug_frame   0x0000139c       0x34 c:/program files/microchip/xc32/v4.30/bin/bin/../../lib/gcc/pic32c/8.3.1/../../../../pic32c/lib/thumb/v7e-m+fp/hard\libg-musl.a(__fmt_s.o)
 .debug_frame   0x000013d0       0x40 c:/program files/microchip/xc32/v4.30/bin/bin/../../lib/gcc/pic32c/8.3.1/../../../../pic32c/lib/thumb/v7e-m+fp/hard\libg-musl.a(__fmt_x.o)
 .debug_frame   0x00001410       0x20 c:/program files/microchip/xc32/v4.30/bin/bin/../../lib/gcc/pic32c/8.3.1/../../../../pic32c/lib/thumb/v7e-m+fp/hard\libg-musl.a(__pop_float.o)
 .debug_frame   0x00001430       0x28 c:/program files/microchip/xc32/v4.30/bin/bin/../../lib/gcc/pic32c/8.3.1/../../../../pic32c/lib/thumb/v7e-m+fp/hard\libg-musl.a(__pop_int.o)
 .debug_frame   0x00001458       0x28 c:/program files/microchip/xc32/v4.30/bin/bin/../../lib/gcc/pic32c/8.3.1/../../../../pic32c/lib/thumb/v7e-m+fp/hard\libg-musl.a(__pop_ptr.o)
 .debug_frame   0x00001480       0xd0 c:/program files/microchip/xc32/v4.30/bin/bin/../../lib/gcc/pic32c/8.3.1/../../../../pic32c/lib/thumb/v7e-m+fp/hard\libg-musl.a(__printf_core.o)
 .debug_frame   0x00001550       0x28 c:/program files/microchip/xc32/v4.30/bin/bin/../../lib/gcc/pic32c/8.3.1/../../../../pic32c/lib/thumb/v7e-m+fp/hard\libg-musl.a(atoi.o)
 .debug_frame   0x00001578       0x28 c:/program files/microchip/xc32/v4.30/bin/bin/../../lib/gcc/pic32c/8.3.1/../../../../pic32c/lib/thumb/v7e-m+fp/hard\libg-musl.a(memcpy.o)
 .debug_frame   0x000015a0       0x20 c:/program files/microchip/xc32/v4.30/bin/bin/../../lib/gcc/pic32c/8.3.1/../../../../pic32c/lib/thumb/v7e-m+fp/hard\libg-musl.a(memset.o)
 .debug_frame   0x000015c0       0x20 c:/program files/microchip/xc32/v4.30/bin/bin/../../lib/gcc/pic32c/8.3.1/../../../../pic32c/lib/thumb/v7e-m+fp/hard\libg-musl.a(strlen.o)
 .debug_frame   0x000015e0       0x28 c:/program files/microchip/xc32/v4.30/bin/bin/../../lib/gcc/pic32c/8.3.1/../../../../pic32c/lib/thumb/v7e-m+fp/hard\libg-musl.a(strcpy.o)
 .debug_frame   0x00001608       0x30 c:/program files/microchip/xc32/v4.30/bin/bin/../../lib/gcc/pic32c/8.3.1/../../../../pic32c/lib/thumb/v7e-m+fp/hard\libg-musl.a(tolower.o)
 .debug_frame   0x00001638       0x30 c:/program files/microchip/xc32/v4.30/bin/bin/../../lib/gcc/pic32c/8.3.1/../../../../pic32c/lib/thumb/v7e-m+fp/hard\libg-musl.a(toupper.o)
 .debug_frame   0x00001668       0x34 c:/program files/microchip/xc32/v4.30/bin/bin/../../lib/gcc/pic32c/8.3.1/../../../../pic32c/lib/thumb/v7e-m+fp/hard\libg-musl.a(__int_vsnprintf.o)
 .debug_frame   0x0000169c       0x38 c:/program files/microchip/xc32/v4.30/bin/bin/../../lib/gcc/pic32c/8.3.1/../../../../pic32c/lib/thumb/v7e-m+fp/hard\libg-musl.a(__cvt_u.o)
 .debug_frame   0x000016d4       0x20 c:/program files/microchip/xc32/v4.30/bin/bin/../../lib/gcc/pic32c/8.3.1/../../../../pic32c/lib/thumb/v7e-m+fp/hard\libg-musl.a(stpcpy.o)
 .debug_frame   0x000016f4       0x2c c:/program files/microchip/xc32/v4.30/bin/bin/../../lib/gcc/pic32c/8.3.1/../../../../pic32c/lib/thumb/v7e-m+fp/hard\libg-musl.a(__int_vfprintf.o)
 .debug_frame   0x00001720       0x2c c:/program files/microchip/xc32/v4.30/bin/bin/../../lib/gcc/pic32c/8.3.1/thumb/v7e-m+fp/hard\libgcc.a(_aeabi_uldivmod.o)
 .debug_frame   0x0000174c       0x38 c:/program files/microchip/xc32/v4.30/bin/bin/../../lib/gcc/pic32c/8.3.1/thumb/v7e-m+fp/hard\libgcc.a(_udivmoddi4.o)
 .debug_frame   0x00001784       0x20 c:/program files/microchip/xc32/v4.30/bin/bin/../../lib/gcc/pic32c/8.3.1/../../../../pic32c/lib/thumb/v7e-m+fp/hard\libpic32c.a(pic32_data_init_clear.o)
 .debug_frame   0x000017a4       0x28 c:/program files/microchip/xc32/v4.30/bin/bin/../../lib/gcc/pic32c/8.3.1/../../../../pic32c/lib/thumb/v7e-m+fp/hard\libpic32c.a(pic32_data_init_copy.o)

.note.GNU-stack
                0x00000000        0x0
 .note.GNU-stack
                0x00000000        0x0 c:/program files/microchip/xc32/v4.30/bin/bin/../../lib/gcc/pic32c/8.3.1/../../../../pic32c/lib/thumb/v7e-m+fp/hard\libg-musl.a(__libc_start_main.o)
 .note.GNU-stack
                0x00000000        0x0 c:/program files/microchip/xc32/v4.30/bin/bin/../../lib/gcc/pic32c/8.3.1/../../../../pic32c/lib/thumb/v7e-m+fp/hard\libg-musl.a(libc.o)
 .note.GNU-stack
                0x00000000        0x0 c:/program files/microchip/xc32/v4.30/bin/bin/../../lib/gcc/pic32c/8.3.1/../../../../pic32c/lib/thumb/v7e-m+fp/hard\libg-musl.a(__sio_snprintf_cdeEfFgGnpsxX.o)
 .note.GNU-stack
                0x00000000        0x0 c:/program files/microchip/xc32/v4.30/bin/bin/../../lib/gcc/pic32c/8.3.1/../../../../pic32c/lib/thumb/v7e-m+fp/hard\libg-musl.a(__fmt_d.o)
 .note.GNU-stack
                0x00000000        0x0 c:/program files/microchip/xc32/v4.30/bin/bin/../../lib/gcc/pic32c/8.3.1/../../../../pic32c/lib/thumb/v7e-m+fp/hard\libg-musl.a(__fmt_fp.o)
 .note.GNU-stack
                0x00000000        0x0 c:/program files/microchip/xc32/v4.30/bin/bin/../../lib/gcc/pic32c/8.3.1/../../../../pic32c/lib/thumb/v7e-m+fp/hard\libg-musl.a(__fmt_s.o)
 .note.GNU-stack
                0x00000000        0x0 c:/program files/microchip/xc32/v4.30/bin/bin/../../lib/gcc/pic32c/8.3.1/../../../../pic32c/lib/thumb/v7e-m+fp/hard\libg-musl.a(__fmt_x.o)
 .note.GNU-stack
                0x00000000        0x0 c:/program files/microchip/xc32/v4.30/bin/bin/../../lib/gcc/pic32c/8.3.1/../../../../pic32c/lib/thumb/v7e-m+fp/hard\libg-musl.a(__pop_float.o)
 .note.GNU-stack
                0x00000000        0x0 c:/program files/microchip/xc32/v4.30/bin/bin/../../lib/gcc/pic32c/8.3.1/../../../../pic32c/lib/thumb/v7e-m+fp/hard\libg-musl.a(__pop_int.o)
 .note.GNU-stack
                0x00000000        0x0 c:/program files/microchip/xc32/v4.30/bin/bin/../../lib/gcc/pic32c/8.3.1/../../../../pic32c/lib/thumb/v7e-m+fp/hard\libg-musl.a(__pop_ptr.o)
 .note.GNU-stack
                0x00000000        0x0 c:/program files/microchip/xc32/v4.30/bin/bin/../../lib/gcc/pic32c/8.3.1/../../../../pic32c/lib/thumb/v7e-m+fp/hard\libg-musl.a(__printf_core.o)
 .note.GNU-stack
                0x00000000        0x0 c:/program files/microchip/xc32/v4.30/bin/bin/../../lib/gcc/pic32c/8.3.1/../../../../pic32c/lib/thumb/v7e-m+fp/hard\libg-musl.a(atoi.o)
 .note.GNU-stack
                0x00000000        0x0 c:/program files/microchip/xc32/v4.30/bin/bin/../../lib/gcc/pic32c/8.3.1/../../../../pic32c/lib/thumb/v7e-m+fp/hard\libg-musl.a(memcpy.o)
 .note.GNU-stack
                0x00000000        0x0 c:/program files/microchip/xc32/v4.30/bin/bin/../../lib/gcc/pic32c/8.3.1/../../../../pic32c/lib/thumb/v7e-m+fp/hard\libg-musl.a(memset.o)
 .note.GNU-stack
                0x00000000        0x0 c:/program files/microchip/xc32/v4.30/bin/bin/../../lib/gcc/pic32c/8.3.1/../../../../pic32c/lib/thumb/v7e-m+fp/hard\libg-musl.a(strlen.o)
 .note.GNU-stack
                0x00000000        0x0 c:/program files/microchip/xc32/v4.30/bin/bin/../../lib/gcc/pic32c/8.3.1/../../../../pic32c/lib/thumb/v7e-m+fp/hard\libg-musl.a(strcpy.o)
 .note.GNU-stack
                0x00000000        0x0 c:/program files/microchip/xc32/v4.30/bin/bin/../../lib/gcc/pic32c/8.3.1/../../../../pic32c/lib/thumb/v7e-m+fp/hard\libg-musl.a(tolower.o)
 .note.GNU-stack
                0x00000000        0x0 c:/program files/microchip/xc32/v4.30/bin/bin/../../lib/gcc/pic32c/8.3.1/../../../../pic32c/lib/thumb/v7e-m+fp/hard\libg-musl.a(toupper.o)
 .note.GNU-stack
                0x00000000        0x0 c:/program files/microchip/xc32/v4.30/bin/bin/../../lib/gcc/pic32c/8.3.1/../../../../pic32c/lib/thumb/v7e-m+fp/hard\libg-musl.a(__environ.o)
 .note.GNU-stack
                0x00000000        0x0 c:/program files/microchip/xc32/v4.30/bin/bin/../../lib/gcc/pic32c/8.3.1/../../../../pic32c/lib/thumb/v7e-m+fp/hard\libg-musl.a(__errno_location.o)
 .note.GNU-stack
                0x00000000        0x0 c:/program files/microchip/xc32/v4.30/bin/bin/../../lib/gcc/pic32c/8.3.1/../../../../pic32c/lib/thumb/v7e-m+fp/hard\libg-musl.a(__int_vsnprintf.o)
 .note.GNU-stack
                0x00000000        0x0 c:/program files/microchip/xc32/v4.30/bin/bin/../../lib/gcc/pic32c/8.3.1/../../../../pic32c/lib/thumb/v7e-m+fp/hard\libg-musl.a(__cvt_u.o)
 .note.GNU-stack
                0x00000000        0x0 c:/program files/microchip/xc32/v4.30/bin/bin/../../lib/gcc/pic32c/8.3.1/../../../../pic32c/lib/thumb/v7e-m+fp/hard\libg-musl.a(stpcpy.o)
 .note.GNU-stack
                0x00000000        0x0 c:/program files/microchip/xc32/v4.30/bin/bin/../../lib/gcc/pic32c/8.3.1/../../../../pic32c/lib/thumb/v7e-m+fp/hard\libg-musl.a(__int_vfprintf.o)

.stack          0x20000c18      0x100
 .stack         0x20000c18      0x100 stack

.bss.uartTxBuffer%1
                0x20000000      0x3e8
 .bss.uartTxBuffer
                0x20000000      0x3e8 build/sam_e51_cnano/debug/_ext/1360937237/main.o

.bss.txBuffer%2
                0x200003e8      0x3e8
 .bss.txBuffer  0x200003e8      0x3e8 build/sam_e51_cnano/debug/_ext/1360937237/testFuncs.o

.bss.eicCallbackObject%3
                0x200007d0       0xc0
 .bss.eicCallbackObject
                0x200007d0       0xc0 build/sam_e51_cnano/debug/_ext/1220119669/plib_eic.o

.bss%4          0x20000890       0x50
 .bss           0x20000890       0x50 c:/program files/microchip/xc32/v4.30/bin/bin/../../lib/gcc/pic32c/8.3.1/../../../../pic32c/lib/thumb/v7e-m+fp/hard\libg-musl.a(libc.o)
                0x20000890                __progname_full
                0x20000890                program_invocation_name
                0x20000894                program_invocation_short_name
                0x20000894                __progname
                0x20000898                __sysinfo
                0x2000089c                __hwcap
                0x200008a0                __libc

.bss%5          0x200008e0       0x1c
 .bss           0x200008e0       0x1c c:/program files/microchip/xc32/v4.30/bin/bin/../../lib/gcc/pic32c/8.3.1/thumb/v7e-m+fp/hard/crtbegin.o

.bss._write_back_section%6
                0x20000900       0x10
 .bss._write_back_section
                0x20000900       0x10 build/sam_e51_cnano/debug/_ext/831021835/plib_dmac.o

.bss.descriptor_section%7
                0x20000910       0x10
 .bss.descriptor_section
                0x20000910       0x10 build/sam_e51_cnano/debug/_ext/831021835/plib_dmac.o

.bss.dmacChannelObj%8
                0x20000920       0x10
 .bss.dmacChannelObj
                0x20000920       0x10 build/sam_e51_cnano/debug/_ext/831021835/plib_dmac.o
                0x20000920                dmacChannelObj

.bss.rtcObj%9   0x20000930        0xc
 .bss.rtcObj    0x20000930        0xc build/sam_e51_cnano/debug/_ext/1220132503/plib_rtc_timer.o

.bss%10         0x200008fc        0x4
 .bss           0x200008fc        0x4 c:/program files/microchip/xc32/v4.30/bin/bin/../../lib/gcc/pic32c/8.3.1/../../../../pic32c/lib/thumb/v7e-m+fp/hard\libpic32c.a(data_init.o)

.bss%11         0x2000093c        0x4
 .bss           0x2000093c        0x4 c:/program files/microchip/xc32/v4.30/bin/bin/../../lib/gcc/pic32c/8.3.1/../../../../pic32c/lib/thumb/v7e-m+fp/hard\libg-musl.a(__environ.o)
                0x2000093c                __environ
                0x2000093c                environ
                0x2000093c                ___environ
                0x2000093c                _environ

.bss%12         0x20000940        0x4
 .bss           0x20000940        0x4 c:/program files/microchip/xc32/v4.30/bin/bin/../../lib/gcc/pic32c/8.3.1/../../../../pic32c/lib/thumb/v7e-m+fp/hard\libg-musl.a(__errno_location.o)
                0x20000940                __errno_val

.bss.isRTCExpired%13
                0x20000944        0x1
 .bss.isRTCExpired
                0x20000944        0x1 build/sam_e51_cnano/debug/_ext/1360937237/main.o

.data.tc%14     0x20000948       0x68
 .data.tc       0x20000948       0x68 build/sam_e51_cnano/debug/_ext/1360937237/main.o

.data%15        0x200009b0       0x40
 .data          0x200009b0       0x40 build/sam_e51_cnano/debug/_ext/1360937237/asmFmax.o
                0x200009b0                f1
                0x200009b4                sb1
                0x200009b8                biasedExp1
                0x200009bc                exp1
                0x200009c0                mant1
                0x200009c4                f2
                0x200009c8                sb2
                0x200009cc                exp2
                0x200009d0                biasedExp2
                0x200009d4                mant2
                0x200009d8                fMax
                0x200009dc                signBitMax
                0x200009e0                biasedExpMax
                0x200009e4                expMax
                0x200009e8                mantMax
                0x200009ec                nanValue

.data.pass%16   0x200009f0        0x4
 .data.pass     0x200009f0        0x4 build/sam_e51_cnano/debug/_ext/1360937237/testFuncs.o

.data.fail%17   0x200009f4        0x4
 .data.fail     0x200009f4        0x4 build/sam_e51_cnano/debug/_ext/1360937237/testFuncs.o

.data.oops%18   0x200009f8        0x4
 .data.oops     0x200009f8        0x4 build/sam_e51_cnano/debug/_ext/1360937237/testFuncs.o

.data.isUSARTTxComplete%19
                0x20000945        0x1
 .data.isUSARTTxComplete
                0x20000945        0x1 build/sam_e51_cnano/debug/_ext/1360937237/main.o

.eh_frame%z1    0x00000000        0x0
 .eh_frame      0x00000000        0x0 c:/program files/microchip/xc32/v4.30/bin/bin/../../lib/gcc/pic32c/8.3.1/thumb/v7e-m+fp/hard/crtbegin.o

.config_00804008.__config_00804008%20
                0x00804008        0x4
 .config_00804008.__config_00804008
                0x00804008        0x4 build/sam_e51_cnano/debug/_ext/570918426/initialization.o
                0x00804008                __config_00804008

.config_00804004.__config_00804004%21
                0x00804004        0x4
 .config_00804004.__config_00804004
                0x00804004        0x4 build/sam_e51_cnano/debug/_ext/570918426/initialization.o
                0x00804004                __config_00804004

.config_00804000.__config_00804000%22
                0x00804000        0x4
 .config_00804000.__config_00804000
                0x00804000        0x4 build/sam_e51_cnano/debug/_ext/570918426/initialization.o
                0x00804000                __config_00804000

.text.__fmt_fp%23
                0x00000288      0x4c0
 .text.__fmt_fp
                0x00000288      0x4c0 c:/program files/microchip/xc32/v4.30/bin/bin/../../lib/gcc/pic32c/8.3.1/../../../../pic32c/lib/thumb/v7e-m+fp/hard\libg-musl.a(__fmt_fp.o)
                0x00000288                __fmt_f_needed
                0x00000288                __fmt_fp

.text.testResult%24
                0x00000748      0x34c
 .text.testResult
                0x00000748      0x34c build/sam_e51_cnano/debug/_ext/1360937237/testFuncs.o
                0x00000748                testResult

.text.__printf_core%25
                0x00000a94      0x308
 .text.__printf_core
                0x00000a94      0x308 c:/program files/microchip/xc32/v4.30/bin/bin/../../lib/gcc/pic32c/8.3.1/../../../../pic32c/lib/thumb/v7e-m+fp/hard\libg-musl.a(__printf_core.o)
                0x00000a94                __printf_core

.text%26        0x00000d9c      0x2bc
 .text          0x00000d9c      0x2bc c:/program files/microchip/xc32/v4.30/bin/bin/../../lib/gcc/pic32c/8.3.1/thumb/v7e-m+fp/hard\libgcc.a(_udivmoddi4.o)
                0x00000d9c                __udivmoddi4

.text%27        0x00001058      0x260
 .text          0x00001058      0x260 build/sam_e51_cnano/debug/_ext/1360937237/asmFmax.o
                0x00001058                initVariables
                0x000010cc                getSignBit
                0x000010f2                getExponent
                0x00001112                getMantissa
                0x0000112c                asmFmax

.text.__aeabi_dadd%28
                0x000012b8      0x23e
 .text.__aeabi_dadd
                0x000012b8      0x23e c:/program files/microchip/xc32/v4.30/bin/bin/../../lib/gcc/pic32c/8.3.1/../../../../pic32c/lib/thumb/v7e-m+fp/hard\libm-fast-emfloat.a(__aeabi_dadd.o)
                0x000012b8                __aeabi_dadd

.text.__aeabi_ddiv%29
                0x000014f6      0x216
 .text.__aeabi_ddiv
                0x000014f6      0x216 c:/program files/microchip/xc32/v4.30/bin/bin/../../lib/gcc/pic32c/8.3.1/../../../../pic32c/lib/thumb/v7e-m+fp/hard\libm-fast-emfloat.a(__aeabi_ddiv.o)
                0x000014f6                __aeabi_ddiv

.dinit%30       0x0000170c      0x160
 .dinit         0x0000170c      0x160 data_init

.rodata%31      0x0000190c      0x1c8
 .rodata        0x0000190c      0x1c8 build/sam_e51_cnano/debug/_ext/1360937237/testFuncs.o

.text.main%32   0x00001ad4      0x168
 .text.main     0x00001ad4      0x168 build/sam_e51_cnano/debug/_ext/1360937237/main.o
                0x00001ad4                main

.text.DMAC_ChannelTransfer%33
                0x00001c3c      0x158
 .text.DMAC_ChannelTransfer
                0x00001c3c      0x158 build/sam_e51_cnano/debug/_ext/831021835/plib_dmac.o
                0x00001c3c                DMAC_ChannelTransfer

.text.__aeabi_dmul%34
                0x00001d94      0x130
 .text.__aeabi_dmul
                0x00001d94      0x130 c:/program files/microchip/xc32/v4.30/bin/bin/../../lib/gcc/pic32c/8.3.1/../../../../pic32c/lib/thumb/v7e-m+fp/hard\libm-fast-emfloat.a(__aeabi_dmul.o)
                0x00001d94                __aeabi_dmul

.text.__fmt_x%35
                0x00001ec4      0x124
 .text.__fmt_x  0x00001ec4      0x124 c:/program files/microchip/xc32/v4.30/bin/bin/../../lib/gcc/pic32c/8.3.1/../../../../pic32c/lib/thumb/v7e-m+fp/hard\libg-musl.a(__fmt_x.o)
                0x00001ec4                __fmt_x_needed
                0x00001ec4                __fmt_x

.text.calcExpectedValues%36
                0x00001fe8      0x11c
 .text.calcExpectedValues
                0x00001fe8      0x11c build/sam_e51_cnano/debug/_ext/1360937237/testFuncs.o
                0x00001fe8                calcExpectedValues

.text.EIC_Initialize%37
                0x00002104      0x104
 .text.EIC_Initialize
                0x00002104      0x104 build/sam_e51_cnano/debug/_ext/1220119669/plib_eic.o
                0x00002104                EIC_Initialize

.text.floor%38  0x00002208       0xcc
 .text.floor    0x00002208       0xcc c:/program files/microchip/xc32/v4.30/bin/bin/../../lib/gcc/pic32c/8.3.1/../../../../pic32c/lib/thumb/v7e-m+fp/hard\libm-fast-emfloat.a(floor.o)
                0x00002208                floor

.text.checkMantissa%39
                0x000022d4       0xb4
 .text.checkMantissa
                0x000022d4       0xb4 build/sam_e51_cnano/debug/_ext/1360937237/testFuncs.o

.text.__pop_int%40
                0x00002388       0xac
 .text.__pop_int
                0x00002388       0xac c:/program files/microchip/xc32/v4.30/bin/bin/../../lib/gcc/pic32c/8.3.1/../../../../pic32c/lib/thumb/v7e-m+fp/hard\libg-musl.a(__pop_int.o)
                0x00002388                __pop_int_needed
                0x00002388                __pop_int

.text.__fmt_d%41
                0x00002434       0xa8
 .text.__fmt_d  0x00002434       0xa8 c:/program files/microchip/xc32/v4.30/bin/bin/../../lib/gcc/pic32c/8.3.1/../../../../pic32c/lib/thumb/v7e-m+fp/hard\libg-musl.a(__fmt_d.o)
                0x00002434                __fmt_d
                0x00002434                __fmt_d_needed

.text.DMAC_Initialize%42
                0x000024dc       0xa0
 .text.DMAC_Initialize
                0x000024dc       0xa0 build/sam_e51_cnano/debug/_ext/831021835/plib_dmac.o
                0x000024dc                DMAC_Initialize

.text._DMAC_interruptHandler%43
                0x0000257c       0x9c
 .text._DMAC_interruptHandler
                0x0000257c       0x9c build/sam_e51_cnano/debug/_ext/831021835/plib_dmac.o
                0x0000257c                _DMAC_interruptHandler

.text.__pad%44  0x00002618       0x80